Component: Arm Compiler for Embedded 6.18 Tool: armlink [5e4cc100]

==============================================================================

Section Cross References

    startup_stm32f401xc.o(STACK) refers (Special) to heapauxi.o(.text) for __use_two_region_memory
    startup_stm32f401xc.o(HEAP) refers (Special) to heapauxi.o(.text) for __use_two_region_memory
    startup_stm32f401xc.o(RESET) refers (Special) to heapauxi.o(.text) for __use_two_region_memory
    startup_stm32f401xc.o(RESET) refers to startup_stm32f401xc.o(STACK) for __initial_sp
    startup_stm32f401xc.o(RESET) refers to startup_stm32f401xc.o(.text) for Reset_Handler
    startup_stm32f401xc.o(RESET) refers to stm32f4xx_it.o(.text.NMI_Handler) for NMI_Handler
    startup_stm32f401xc.o(RESET) refers to stm32f4xx_it.o(.text.HardFault_Handler) for HardFault_Handler
    startup_stm32f401xc.o(RESET) refers to stm32f4xx_it.o(.text.MemManage_Handler) for MemManage_Handler
    startup_stm32f401xc.o(RESET) refers to stm32f4xx_it.o(.text.BusFault_Handler) for BusFault_Handler
    startup_stm32f401xc.o(RESET) refers to stm32f4xx_it.o(.text.UsageFault_Handler) for UsageFault_Handler
    startup_stm32f401xc.o(RESET) refers to stm32f4xx_it.o(.text.SVC_Handler) for SVC_Handler
    startup_stm32f401xc.o(RESET) refers to stm32f4xx_it.o(.text.DebugMon_Handler) for DebugMon_Handler
    startup_stm32f401xc.o(RESET) refers to stm32f4xx_it.o(.text.PendSV_Handler) for PendSV_Handler
    startup_stm32f401xc.o(RESET) refers to stm32f4xx_it.o(.text.SysTick_Handler) for SysTick_Handler
    startup_stm32f401xc.o(RESET) refers to stm32f4xx_it.o(.text.TIM5_IRQHandler) for TIM5_IRQHandler
    startup_stm32f401xc.o(RESET) refers to stm32f4xx_it.o(.text.OTG_FS_IRQHandler) for OTG_FS_IRQHandler
    startup_stm32f401xc.o(.text) refers (Special) to heapauxi.o(.text) for __use_two_region_memory
    startup_stm32f401xc.o(.text) refers to system_stm32f4xx.o(.text.SystemInit) for SystemInit
    startup_stm32f401xc.o(.text) refers to __main.o(!!!main) for __main
    startup_stm32f401xc.o(.text) refers to startup_stm32f401xc.o(HEAP) for Heap_Mem
    startup_stm32f401xc.o(.text) refers to startup_stm32f401xc.o(STACK) for Stack_Mem
    main.o(.text) refers (Special) to _printf_percent.o(.ARM.Collect$$_printf_percent$$00000000) for _printf_percent
    main.o(.text) refers (Special) to _printf_pad.o(.text) for _printf_pre_padding
    main.o(.text) refers (Special) to _printf_d.o(.ARM.Collect$$_printf_percent$$00000009) for _printf_d
    main.o(.text) refers (Special) to _printf_dec.o(.text) for _printf_int_dec
    main.o(.text.systemTimerInit) refers (Special) to _printf_percent.o(.ARM.Collect$$_printf_percent$$00000000) for _printf_percent
    main.o(.text.systemTimerInit) refers (Special) to _printf_pad.o(.text) for _printf_pre_padding
    main.o(.text.systemTimerInit) refers (Special) to _printf_d.o(.ARM.Collect$$_printf_percent$$00000009) for _printf_d
    main.o(.text.systemTimerInit) refers (Special) to _printf_dec.o(.text) for _printf_int_dec
    main.o(.text.systemTimerInit) refers to main.o(.bss..L_MergedGlobals.8) for .L_MergedGlobals.8
    main.o(.text.systemTimerInit) refers to stm32f4xx_hal_tim.o(.text.HAL_TIM_Base_DeInit) for HAL_TIM_Base_DeInit
    main.o(.text.systemTimerInit) refers to stm32f4xx_hal_tim.o(.text.HAL_TIM_Base_Init) for HAL_TIM_Base_Init
    main.o(.text.systemTimerInit) refers to stm32f4xx_hal_tim.o(.text.HAL_TIM_Base_Start_IT) for HAL_TIM_Base_Start_IT
    main.o(.ARM.exidx.text.systemTimerInit) refers (Special) to _printf_percent.o(.ARM.Collect$$_printf_percent$$00000000) for _printf_percent
    main.o(.ARM.exidx.text.systemTimerInit) refers (Special) to _printf_pad.o(.text) for _printf_pre_padding
    main.o(.ARM.exidx.text.systemTimerInit) refers (Special) to _printf_d.o(.ARM.Collect$$_printf_percent$$00000009) for _printf_d
    main.o(.ARM.exidx.text.systemTimerInit) refers (Special) to _printf_dec.o(.text) for _printf_int_dec
    main.o(.ARM.exidx.text.systemTimerInit) refers to main.o(.text.systemTimerInit) for [Anonymous Symbol]
    main.o(.text.systemTimerInterrupt) refers (Special) to _printf_percent.o(.ARM.Collect$$_printf_percent$$00000000) for _printf_percent
    main.o(.text.systemTimerInterrupt) refers (Special) to _printf_pad.o(.text) for _printf_pre_padding
    main.o(.text.systemTimerInterrupt) refers (Special) to _printf_d.o(.ARM.Collect$$_printf_percent$$00000009) for _printf_d
    main.o(.text.systemTimerInterrupt) refers (Special) to _printf_dec.o(.text) for _printf_int_dec
    main.o(.text.systemTimerInterrupt) refers to main.o(.bss..L_MergedGlobals.8) for .L_MergedGlobals.8
    main.o(.ARM.exidx.text.systemTimerInterrupt) refers (Special) to _printf_percent.o(.ARM.Collect$$_printf_percent$$00000000) for _printf_percent
    main.o(.ARM.exidx.text.systemTimerInterrupt) refers (Special) to _printf_pad.o(.text) for _printf_pre_padding
[...]
    [Anonymous Symbol]                       0x08004be4   Section        0  stm32f4xx_ll_usb.o(.text.USB_SetDevAddress)
    [Anonymous Symbol]                       0x08004c08   Section        0  stm32f4xx_ll_usb.o(.text.USB_SetTurnaroundTime)
    [Anonymous Symbol]                       0x08004d28   Section        0  stm32f4xx_ll_usb.o(.text.USB_WritePacket)
    [Anonymous Symbol]                       0x08004d9c   Section        0  stm32f4xx_it.o(.text.UsageFault_Handler)
    [Anonymous Symbol]                       0x08004da0   Section        0  main.o(.text.main)
    __arm_cp.6_9                             0x08004f14   Number         4  main.o(.text.main)
    [Anonymous Symbol]                       0x08005310   Section        0  ssd1306.o(.text.ssd1306_Fill)
    [Anonymous Symbol]                       0x0800532c   Section        0  ssd1306.o(.text.ssd1306_Init)
    [Anonymous Symbol]                       0x08005684   Section        0  ssd1306.o(.text.ssd1306_SetCursor)
    [Anonymous Symbol]                       0x08005694   Section        0  ssd1306.o(.text.ssd1306_UpdateScreen)
    [Anonymous Symbol]                       0x08005734   Section        0  ssd1306.o(.text.ssd1306_WriteChar)
    [Anonymous Symbol]                       0x08005a08   Section        0  ssd1306.o(.text.ssd1306_WriteString)
    [Anonymous Symbol]                       0x08005a44   Section        0  main.o(.text.systemTimerInterrupt)
    i.__hardfp_truncf                        0x08005a54   Section        0  truncf.o(i.__hardfp_truncf)
    i._is_digit                              0x08005ab0   Section        0  __printf_wp.o(i._is_digit)
    $v0                                      0x08005abe   Number         0  ffltll_clz.o(x$fpl$ffltll)
    x$fpl$ffltll                             0x08005abe   Section       96  ffltll_clz.o(x$fpl$ffltll)
    $v0                                      0x08005b1e   Number         0  fnaninf.o(x$fpl$fnaninf)
    x$fpl$fnaninf                            0x08005b1e   Section      140  fnaninf.o(x$fpl$fnaninf)
    $v0                                      0x08005baa   Number         0  fpinit.o(x$fpl$fpinit)
    x$fpl$fpinit                             0x08005baa   Section       26  fpinit.o(x$fpl$fpinit)
    $v0                                      0x08005bc4   Number         0  frnd.o(x$fpl$frnd)
    x$fpl$frnd                               0x08005bc4   Section       96  frnd.o(x$fpl$frnd)
    maptable                                 0x08005c24   Data          17  __printf_flags_wp.o(.constdata)
    .constdata                               0x08005c24   Section       17  __printf_flags_wp.o(.constdata)
    x$fpl$usenofp                            0x08005c24   Section        0  usenofp.o(x$fpl$usenofp)
    Font11x18                                0x08005c4e   Data        3420  fonts.o(.rodata.Font11x18)
    [Anonymous Symbol]                       0x08005c4e   Section        0  fonts.o(.rodata.Font11x18)
    .L_MergedGlobals                         0x20000000   Data           4  main.o(.data..L_MergedGlobals)
    [Anonymous Symbol]                       0x20000000   Section        0  main.o(.data..L_MergedGlobals)
    main.pinState                            0x20000001   Data           1  main.o(.data..L_MergedGlobals)
    .L_MergedGlobals                         0x20000004   Data           8  stm32f4xx_hal.o(.data..L_MergedGlobals)
    [Anonymous Symbol]                       0x20000004   Section        0  stm32f4xx_hal.o(.data..L_MergedGlobals)
    .L_MergedGlobals                         0x2000000c   Data          75  usbd_hid.o(.data..L_MergedGlobals)
    USBD_HID_Desc                            0x2000000c   Data           9  usbd_hid.o(.data..L_MergedGlobals)
    [Anonymous Symbol]                       0x2000000c   Section        0  usbd_hid.o(.data..L_MergedGlobals)
    HID_MOUSE_ReportDesc                     0x20000018   Data          63  usbd_hid.o(.data..L_MergedGlobals)
    USBD_HID_CfgFSDesc                       0x200000cc   Data          34  usbd_hid.o(.data.USBD_HID_CfgFSDesc)
    [Anonymous Symbol]                       0x200000cc   Section        0  usbd_hid.o(.data.USBD_HID_CfgFSDesc)
    USBD_HID_CfgHSDesc                       0x200000f0   Data          34  usbd_hid.o(.data.USBD_HID_CfgHSDesc)
    [Anonymous Symbol]                       0x200000f0   Section        0  usbd_hid.o(.data.USBD_HID_CfgHSDesc)
    USBD_HID_DeviceQualifierDesc             0x20000114   Data          10  usbd_hid.o(.data.USBD_HID_DeviceQualifierDesc)
    [Anonymous Symbol]                       0x20000114   Section        0  usbd_hid.o(.data.USBD_HID_DeviceQualifierDesc)
    USBD_HID_OtherSpeedCfgDesc               0x20000120   Data          34  usbd_hid.o(.data.USBD_HID_OtherSpeedCfgDesc)
    [Anonymous Symbol]                       0x20000120   Section        0  usbd_hid.o(.data.USBD_HID_OtherSpeedCfgDesc)
    .bss                                     0x20000168   Section       96  libspace.o(.bss)
    .L_MergedGlobals                         0x200001c8   Data           6  ssd1306.o(.bss..L_MergedGlobals)
    SSD1306.2                                0x200001c8   Data           1  ssd1306.o(.bss..L_MergedGlobals)
    [Anonymous Symbol]                       0x200001c8   Section        0  ssd1306.o(.bss..L_MergedGlobals)
    SSD1306.0                                0x200001ca   Data           2  ssd1306.o(.bss..L_MergedGlobals)
    SSD1306.1                                0x200001cc   Data           2  ssd1306.o(.bss..L_MergedGlobals)
    .L_MergedGlobals.8                       0x200001d0   Data         120  main.o(.bss..L_MergedGlobals.8)
    [Anonymous Symbol]                       0x200001d0   Section        0  main.o(.bss..L_MergedGlobals.8)
    systemTimer1.0                           0x200001d8   Data           4  main.o(.bss..L_MergedGlobals.8)
    systemTimer1.1                           0x200001dc   Data           4  main.o(.bss..L_MergedGlobals.8)
    SSD1306_Buffer                           0x20000248   Data        1024  ssd1306.o(.bss.SSD1306_Buffer)
    [Anonymous Symbol]                       0x20000248   Section        0  ssd1306.o(.bss.SSD1306_Buffer)
    USBD_SetConfig.cfgidx                    0x20000648   Data           1  usbd_ctlreq.o(.bss.USBD_SetConfig.cfgidx)
    [Anonymous Symbol]                       0x20000648   Section        0  usbd_ctlreq.o(.bss.USBD_SetConfig.cfgidx)
    USBD_static_malloc.mem                   0x2000084c   Data          20  usbd_conf.o(.bss.USBD_static_malloc.mem)
    [Anonymous Symbol]                       0x2000084c   Section        0  usbd_conf.o(.bss.USBD_static_malloc.mem)
    Heap_Mem                                 0x20000fd8   Data         512  startup_stm32f401xc.o(HEAP)
    HEAP                                     0x20000fd8   Section      512  startup_stm32f401xc.o(HEAP)
    Stack_Mem                                0x200011d8   Data        1024  startup_stm32f401xc.o(STACK)
    STACK                                    0x200011d8   Section     1024  startup_stm32f401xc.o(STACK)
    __initial_sp                             0x200015d8   Data           0  startup_stm32f401xc.o(STACK)

    Global Symbols

    Symbol Name                              Value     Ov Type        Size  Object(Section)

    BuildAttributes$$THM_ISAv4$E$P$D$K$B$S$7EM$VFPi3$EXTD16$VFPS$VFMA$PE$A:L22UL41UL21$X:L11$S22US41US21$IEEE1$IW$~IW$USESV6$~STKCKD$USESV7$~SHL$OTIME$ROPI$IEEEJ$EBA8$UX$STANDARDLIB$REQ8$PRES8$EABIv2 0x00000000   Number         0  anon$$obj.o ABSOLUTE
    _printf_flags                            0x00000000   Number         0  printf_stubs.o ABSOLUTE
    _printf_return_value                     0x00000000   Number         0  printf_stubs.o ABSOLUTE
    _printf_sizespec                         0x00000000   Number         0  printf_stubs.o ABSOLUTE
    _printf_widthprec                        0x00000000   Number         0  printf_stubs.o ABSOLUTE
    __ARM_exceptions_init                     - Undefined Weak Reference
    __alloca_initialize                       - Undefined Weak Reference
    __arm_preinit_                            - Undefined Weak Reference
    __arm_relocate_pie_                       - Undefined Weak Reference
    __cpp_initialize__aeabi_                  - Undefined Weak Reference
    __cxa_finalize                            - Undefined Weak Reference
    __rt_locale                               - Undefined Weak Reference
    __sigvec_lookup                           - Undefined Weak Reference
    _atexit_init                              - Undefined Weak Reference
    _call_atexit_fns                          - Undefined Weak Reference
    _clock_init                               - Undefined Weak Reference
    _fp_trap_init                             - Undefined Weak Reference
    _fp_trap_shutdown                         - Undefined Weak Reference
    _get_lc_collate                           - Undefined Weak Reference
    _get_lc_ctype                             - Undefined Weak Reference
    _get_lc_monetary                          - Undefined Weak Reference
    _get_lc_numeric                           - Undefined Weak Reference
    _get_lc_time                              - Undefined Weak Reference
    _getenv_init                              - Undefined Weak Reference
    _handle_redirection                       - Undefined Weak Reference
    _init_alloc                               - Undefined Weak Reference
    _init_user_alloc                          - Undefined Weak Reference
    _initio                                   - Undefined Weak Reference
    _printf_truncate_signed                   - Undefined Weak Reference
    _printf_truncate_unsigned                 - Undefined Weak Reference
    _rand_init                                - Undefined Weak Reference
    _signal_finish                            - Undefined Weak Reference
    _signal_init                              - Undefined Weak Reference
    _terminate_alloc                          - Undefined Weak Reference
    _terminate_user_alloc                     - Undefined Weak Reference
    _terminateio                              - Undefined Weak Reference
    __Vectors_Size                           0x00000194   Number         0  startup_stm32f401xc.o ABSOLUTE
    __Vectors                                0x08000000   Data           4  startup_stm32f401xc.o(RESET)
    __Vectors_End                            0x08000194   Data           0  startup_stm32f401xc.o(RESET)
    __main                                   0x08000195   Thumb Code     8  __main.o(!!!main)
    __scatterload                            0x0800019d   Thumb Code     0  __scatter.o(!!!scatter)
    __scatterload_rt2                        0x0800019d   Thumb Code    44  __scatter.o(!!!scatter)
    __scatterload_rt2_thumb_only             0x0800019d   Thumb Code     0  __scatter.o(!!!scatter)
    __scatterload_null                       0x080001ab   Thumb Code     0  __scatter.o(!!!scatter)
    __decompress                             0x080001d1   Thumb Code    90  __dczerorl2.o(!!dczerorl2)
    __decompress1                            0x080001d1   Thumb Code     0  __dczerorl2.o(!!dczerorl2)
    __scatterload_zeroinit                   0x0800022d   Thumb Code    28  __scatter_zi.o(!!handler_zi)
    _printf_d                                0x08000249   Thumb Code     0  _printf_d.o(.ARM.Collect$$_printf_percent$$00000009)
    _printf_percent                          0x08000249   Thumb Code     0  _printf_percent.o(.ARM.Collect$$_printf_percent$$00000000)
    _printf_percent_end                      0x0800024f   Thumb Code     0  _printf_percent_end.o(.ARM.Collect$$_printf_percent$$00000017)
    __rt_lib_init                            0x08000253   Thumb Code     0  libinit.o(.ARM.Collect$$libinit$$00000000)
    __rt_lib_init_fp_1                       0x08000255   Thumb Code     0  libinit2.o(.ARM.Collect$$libinit$$00000001)
    __rt_lib_init_alloca_1                   0x08000259   Thumb Code     0  libinit2.o(.ARM.Collect$$libinit$$00000030)
    __rt_lib_init_argv_1                     0x08000259   Thumb Code     0  libinit2.o(.ARM.Collect$$libinit$$0000002E)
    __rt_lib_init_atexit_1                   0x08000259   Thumb Code     0  libinit2.o(.ARM.Collect$$libinit$$0000001D)
    __rt_lib_init_clock_1                    0x08000259   Thumb Code     0  libinit2.o(.ARM.Collect$$libinit$$00000023)
    __rt_lib_init_cpp_1                      0x08000259   Thumb Code     0  libinit2.o(.ARM.Collect$$libinit$$00000034)
    __rt_lib_init_exceptions_1               0x08000259   Thumb Code     0  libinit2.o(.ARM.Collect$$libinit$$00000032)
    __rt_lib_init_fp_trap_1                  0x08000259   Thumb Code     0  libinit2.o(.ARM.Collect$$libinit$$00000021)
    __rt_lib_init_getenv_1                   0x08000259   Thumb Code     0  libinit2.o(.ARM.Collect$$libinit$$00000025)
    __rt_lib_init_heap_1                     0x08000259   Thumb Code     0  libinit2.o(.ARM.Collect$$libinit$$0000000C)
    __rt_lib_init_lc_collate_1               0x08000259   Thumb Code     0  libinit2.o(.ARM.Collect$$libinit$$00000013)
    __rt_lib_init_lc_ctype_1                 0x08000259   Thumb Code     0  libinit2.o(.ARM.Collect$$libinit$$00000015)
    __rt_lib_init_lc_monetary_1              0x08000259   Thumb Code     0  libinit2.o(.ARM.Collect$$libinit$$00000017)
    __rt_lib_init_lc_numeric_1               0x08000259   Thumb Code     0  libinit2.o(.ARM.Collect$$libinit$$00000019)
    __rt_lib_init_lc_time_1                  0x08000259   Thumb Code     0  libinit2.o(.ARM.Collect$$libinit$$0000001B)
    __rt_lib_init_preinit_1                  0x08000259   Thumb Code     0  libinit2.o(.ARM.Collect$$libinit$$00000006)
    __rt_lib_init_rand_1                     0x08000259   Thumb Code     0  libinit2.o(.ARM.Collect$$libinit$$00000010)
    __rt_lib_init_relocate_pie_1             0x08000259   Thumb Code     0  libinit2.o(.ARM.Collect$$libinit$$00000004)
    __rt_lib_init_return                     0x08000259   Thumb Code     0  libinit2.o(.ARM.Collect$$libinit$$00000035)
    __rt_lib_init_signal_1                   0x08000259   Thumb Code     0  libinit2.o(.ARM.Collect$$libinit$$0000001F)
    __rt_lib_init_stdio_1                    0x08000259   Thumb Code     0  libinit2.o(.ARM.Collect$$libinit$$00000027)
    __rt_lib_init_user_alloc_1               0x08000259   Thumb Code     0  libinit2.o(.ARM.Collect$$libinit$$0000000E)
    __rt_lib_shutdown                        0x0800025b   Thumb Code     0  libshutdown.o(.ARM.Collect$$libshutdown$$00000000)
    __rt_lib_shutdown_cpp_1                  0x0800025d   Thumb Code     0  libshutdown2.o(.ARM.Collect$$libshutdown$$00000002)
    __rt_lib_shutdown_fp_trap_1              0x0800025d   Thumb Code     0  libshutdown2.o(.ARM.Collect$$libshutdown$$00000007)
    __rt_lib_shutdown_heap_1                 0x0800025d   Thumb Code     0  libshutdown2.o(.ARM.Collect$$libshutdown$$0000000F)
    __rt_lib_shutdown_return                 0x0800025d   Thumb Code     0  libshutdown2.o(.ARM.Collect$$libshutdown$$00000010)
    __rt_lib_shutdown_signal_1               0x0800025d   Thumb Code     0  libshutdown2.o(.ARM.Collect$$libshutdown$$0000000A)
    __rt_lib_shutdown_stdio_1                0x0800025d   Thumb Code     0  libshutdown2.o(.ARM.Collect$$libshutdown$$00000004)
    __rt_lib_shutdown_user_alloc_1           0x0800025d   Thumb Code     0  libshutdown2.o(.ARM.Collect$$libshutdown$$0000000C)
    __rt_entry                               0x0800025f   Thumb Code     0  __rtentry.o(.ARM.Collect$$rtentry$$00000000)
    __rt_entry_presh_1                       0x0800025f   Thumb Code     0  __rtentry2.o(.ARM.Collect$$rtentry$$00000002)
    __rt_entry_sh                            0x0800025f   Thumb Code     0  __rtentry4.o(.ARM.Collect$$rtentry$$00000004)
    __rt_entry_li                            0x08000265   Thumb Code     0  __rtentry2.o(.ARM.Collect$$rtentry$$0000000A)
    __rt_entry_postsh_1                      0x08000265   Thumb Code     0  __rtentry2.o(.ARM.Collect$$rtentry$$00000009)
    __rt_entry_main                          0x08000269   Thumb Code     0  __rtentry2.o(.ARM.Collect$$rtentry$$0000000D)
    __rt_entry_postli_1                      0x08000269   Thumb Code     0  __rtentry2.o(.ARM.Collect$$rtentry$$0000000C)
    __rt_exit                                0x08000271   Thumb Code     0  rtexit.o(.ARM.Collect$$rtexit$$00000000)
    __rt_exit_ls                             0x08000273   Thumb Code     0  rtexit2.o(.ARM.Collect$$rtexit$$00000003)
    __rt_exit_prels_1                        0x08000273   Thumb Code     0  rtexit2.o(.ARM.Collect$$rtexit$$00000002)
    __rt_exit_exit                           0x08000277   Thumb Code     0  rtexit2.o(.ARM.Collect$$rtexit$$00000004)
    Reset_Handler                            0x0800027d   Thumb Code     8  startup_stm32f401xc.o(.text)
    ADC_IRQHandler                           0x08000297   Thumb Code     0  startup_stm32f401xc.o(.text)
    DMA1_Stream0_IRQHandler                  0x08000297   Thumb Code     0  startup_stm32f401xc.o(.text)
    DMA1_Stream1_IRQHandler                  0x08000297   Thumb Code     0  startup_stm32f401xc.o(.text)
    DMA1_Stream2_IRQHandler                  0x08000297   Thumb Code     0  startup_stm32f401xc.o(.text)
    DMA1_Stream3_IRQHandler                  0x08000297   Thumb Code     0  startup_stm32f401xc.o(.text)
    DMA1_Stream4_IRQHandler                  0x08000297   Thumb Code     0  startup_stm32f401xc.o(.text)
    DMA1_Stream5_IRQHandler                  0x08000297   Thumb Code     0  startup_stm32f401xc.o(.text)
    DMA1_Stream6_IRQHandler                  0x08000297   Thumb Code     0  startup_stm32f401xc.o(.text)
    DMA1_Stream7_IRQHandler                  0x08000297   Thumb Code     0  startup_stm32f401xc.o(.text)
    DMA2_Stream0_IRQHandler                  0x08000297   Thumb Code     0  startup_stm32f401xc.o(.text)
    DMA2_Stream1_IRQHandler                  0x08000297   Thumb Code     0  startup_stm32f401xc.o(.text)
    DMA2_Stream2_IRQHandler                  0x08000297   Thumb Code     0  startup_stm32f401xc.o(.text)
    DMA2_Stream3_IRQHandler                  0x08000297   Thumb Code     0  startup_stm32f401xc.o(.text)
    DMA2_Stream4_IRQHandler                  0x08000297   Thumb Code     0  startup_stm32f401xc.o(.text)
    DMA2_Stream5_IRQHandler                  0x08000297   Thumb Code     0  startup_stm32f401xc.o(.text)
    DMA2_Stream6_IRQHandler                  0x08000297   Thumb Code     0  startup_stm32f401xc.o(.text)
    DMA2_Stream7_IRQHandler                  0x08000297   Thumb Code     0  startup_stm32f401xc.o(.text)
    EXTI0_IRQHandler                         0x08000297   Thumb Code     0  startup_stm32f401xc.o(.text)
    EXTI15_10_IRQHandler                     0x08000297   Thumb Code     0  startup_stm32f401xc.o(.text)
    EXTI1_IRQHandler                         0x08000297   Thumb Code     0  startup_stm32f401xc.o(.text)
    EXTI2_IRQHandler                         0x08000297   Thumb Code     0  startup_stm32f401xc.o(.text)
    EXTI3_IRQHandler                         0x08000297   Thumb Code     0  startup_stm32f401xc.o(.text)
    EXTI4_IRQHandler                         0x08000297   Thumb Code     0  startup_stm32f401xc.o(.text)
    EXTI9_5_IRQHandler                       0x08000297   Thumb Code     0  startup_stm32f401xc.o(.text)
    FLASH_IRQHandler                         0x08000297   Thumb Code     0  startup_stm32f401xc.o(.text)
    FPU_IRQHandler                           0x08000297   Thumb Code     0  startup_stm32f401xc.o(.text)
    I2C1_ER_IRQHandler                       0x08000297   Thumb Code     0  startup_stm32f401xc.o(.text)
    I2C1_EV_IRQHandler                       0x08000297   Thumb Code     0  startup_stm32f401xc.o(.text)
    I2C2_ER_IRQHandler                       0x08000297   Thumb Code     0  startup_stm32f401xc.o(.text)
    I2C2_EV_IRQHandler                       0x08000297   Thumb Code     0  startup_stm32f401xc.o(.text)
    I2C3_ER_IRQHandler                       0x08000297   Thumb Code     0  startup_stm32f401xc.o(.text)
    I2C3_EV_IRQHandler                       0x08000297   Thumb Code     0  startup_stm32f401xc.o(.text)
    OTG_FS_WKUP_IRQHandler                   0x08000297   Thumb Code     0  startup_stm32f401xc.o(.text)
    PVD_IRQHandler                           0x08000297   Thumb Code     0  startup_stm32f401xc.o(.text)
    RCC_IRQHandler                           0x08000297   Thumb Code     0  startup_stm32f401xc.o(.text)
    RTC_Alarm_IRQHandler                     0x08000297   Thumb Code     0  startup_stm32f401xc.o(.text)
    RTC_WKUP_IRQHandler                      0x08000297   Thumb Code     0  startup_stm32f401xc.o(.text)
    SDIO_IRQHandler                          0x08000297   Thumb Code     0  startup_stm32f401xc.o(.text)
    SPI1_IRQHandler                          0x08000297   Thumb Code     0  startup_stm32f401xc.o(.text)
    SPI2_IRQHandler                          0x08000297   Thumb Code     0  startup_stm32f401xc.o(.text)
    SPI3_IRQHandler                          0x08000297   Thumb Code     0  startup_stm32f401xc.o(.text)
    SPI4_IRQHandler                          0x08000297   Thumb Code     0  startup_stm32f401xc.o(.text)
    TAMP_STAMP_IRQHandler                    0x08000297   Thumb Code     0  startup_stm32f401xc.o(.text)
    TIM1_BRK_TIM9_IRQHandler                 0x08000297   Thumb Code     0  startup_stm32f401xc.o(.text)
    TIM1_CC_IRQHandler                       0x08000297   Thumb Code     0  startup_stm32f401xc.o(.text)
    TIM1_TRG_COM_TIM11_IRQHandler            0x08000297   Thumb Code     0  startup_stm32f401xc.o(.text)
    TIM1_UP_TIM10_IRQHandler                 0x08000297   Thumb Code     0  startup_stm32f401xc.o(.text)
    TIM2_IRQHandler                          0x08000297   Thumb Code     0  startup_stm32f401xc.o(.text)
    TIM3_IRQHandler                          0x08000297   Thumb Code     0  startup_stm32f401xc.o(.text)
    TIM4_IRQHandler                          0x08000297   Thumb Code     0  startup_stm32f401xc.o(.text)
    USART1_IRQHandler                        0x08000297   Thumb Code     0  startup_stm32f401xc.o(.text)
    USART2_IRQHandler                        0x08000297   Thumb Code     0  startup_stm32f401xc.o(.text)
    USART6_IRQHandler                        0x08000297   Thumb Code     0  startup_stm32f401xc.o(.text)
    WWDG_IRQHandler                          0x08000297   Thumb Code     0  startup_stm32f401xc.o(.text)
    __user_initial_stackheap                 0x08000299   Thumb Code     0  startup_stm32f401xc.o(.text)
    __aeabi_uldivmod                         0x080002bd   Thumb Code     0  lludivv7m.o(.text)
    _ll_udiv                                 0x080002bd   Thumb Code   240  lludivv7m.o(.text)
    __aeabi_ldivmod                          0x080003ad   Thumb Code     0  llsdiv.o(.text)
    _ll_sdiv                                 0x080003ad   Thumb Code   116  llsdiv.o(.text)
    __2sprintf                               0x08000421   Thumb Code    34  noretval__2sprintf.o(.text)
    _printf_pre_padding                      0x08000449   Thumb Code    44  _printf_pad.o(.text)
    _printf_post_padding                     0x08000475   Thumb Code    34  _printf_pad.o(.text)
    _printf_int_dec                          0x08000499   Thumb Code   104  _printf_dec.o(.text)
    __printf                                 0x08000511   Thumb Code   308  __printf_flags_wp.o(.text)
    __aeabi_memset4                          0x08000649   Thumb Code    16  aeabi_memset4.o(.text)
    __aeabi_memset8                          0x08000649   Thumb Code     0  aeabi_memset4.o(.text)
    __aeabi_memclr4                          0x08000659   Thumb Code     0  rt_memclr_w.o(.text)
    __aeabi_memclr8                          0x08000659   Thumb Code     0  rt_memclr_w.o(.text)
    __rt_memclr_w                            0x08000659   Thumb Code     0  rt_memclr_w.o(.text)
    _memset_w                                0x0800065d   Thumb Code    74  rt_memclr_w.o(.text)
    __use_two_region_memory                  0x080006a7   Thumb Code     2  heapauxi.o(.text)
    __rt_heap_escrow$2region                 0x080006a9   Thumb Code     2  heapauxi.o(.text)
    __rt_heap_expand$2region                 0x080006ab   Thumb Code     2  heapauxi.o(.text)
    _printf_int_common                       0x080006ad   Thumb Code   178  _printf_intcommon.o(.text)
    _printf_char_common                      0x0800076b   Thumb Code    32  _printf_char_common.o(.text)
    _sputc                                   0x08000791   Thumb Code    10  _sputc.o(.text)
    __user_setup_stackheap                   0x0800079b   Thumb Code    74  sys_stackheap_outer.o(.text)
    exit                                     0x080007e5   Thumb Code    18  exit.o(.text)
    __user_libspace                          0x080007f9   Thumb Code     8  libspace.o(.text)
    __user_perproc_libspace                  0x080007f9   Thumb Code     0  libspace.o(.text)
    __user_perthread_libspace                0x080007f9   Thumb Code     0  libspace.o(.text)
    _sys_exit                                0x08000801   Thumb Code     8  sys_exit.o(.text)
    __I$use$semihosting                      0x0800080d   Thumb Code     0  use_no_semi.o(.text)
    __use_no_semihosting_swi                 0x0800080d   Thumb Code     2  use_no_semi.o(.text)
    __semihosting_library_function           0x0800080f   Thumb Code     0  indicate_semi.o(.text)
    BusFault_Handler                         0x08000811   Thumb Code     2  stm32f4xx_it.o(.text.BusFault_Handler)
    DebugMon_Handler                         0x08000815   Thumb Code     2  stm32f4xx_it.o(.text.DebugMon_Handler)
    Error_Handler                            0x08000819   Thumb Code    10  main.o(.text.Error_Handler)
    HAL_Delay                                0x08000825   Thumb Code    40  stm32f4xx_hal.o(.text.HAL_Delay)
    HAL_GPIO_Init                            0x0800084d   Thumb Code   442  stm32f4xx_hal_gpio.o(.text.HAL_GPIO_Init)
    HAL_GPIO_ReadPin                         0x08000a09   Thumb Code    10  stm32f4xx_hal_gpio.o(.text.HAL_GPIO_ReadPin)
    HAL_GPIO_TogglePin                       0x08000a15   Thumb Code    16  stm32f4xx_hal_gpio.o(.text.HAL_GPIO_TogglePin)
    HAL_GPIO_WritePin                        0x08000a25   Thumb Code    10  stm32f4xx_hal_gpio.o(.text.HAL_GPIO_WritePin)
    HAL_GetTick                              0x08000a31   Thumb Code    12  stm32f4xx_hal.o(.text.HAL_GetTick)
    HAL_I2C_Init                             0x08000a3d   Thumb Code   374  stm32f4xx_hal_i2c.o(.text.HAL_I2C_Init)
    HAL_I2C_Mem_Write                        0x08000bb5   Thumb Code   474  stm32f4xx_hal_i2c.o(.text.HAL_I2C_Mem_Write)
    HAL_I2C_MspInit                          0x08000d91   Thumb Code   108  i2c.o(.text.HAL_I2C_MspInit)
    HAL_IncTick                              0x08000dfd   Thumb Code    26  stm32f4xx_hal.o(.text.HAL_IncTick)
    HAL_Init                                 0x08000e19   Thumb Code    54  stm32f4xx_hal.o(.text.HAL_Init)
    HAL_InitTick                             0x08000e51   Thumb Code    72  stm32f4xx_hal.o(.text.HAL_InitTick)
    HAL_MspInit                              0x08000e99   Thumb Code    56  stm32f4xx_hal_msp.o(.text.HAL_MspInit)
    HAL_NVIC_DisableIRQ                      0x08000ed1   Thumb Code    40  stm32f4xx_hal_cortex.o(.text.HAL_NVIC_DisableIRQ)
    HAL_NVIC_EnableIRQ                       0x08000ef9   Thumb Code    32  stm32f4xx_hal_cortex.o(.text.HAL_NVIC_EnableIRQ)
    HAL_NVIC_SetPriority                     0x08000f19   Thumb Code    86  stm32f4xx_hal_cortex.o(.text.HAL_NVIC_SetPriority)
    HAL_NVIC_SetPriorityGrouping             0x08000f71   Thumb Code    32  stm32f4xx_hal_cortex.o(.text.HAL_NVIC_SetPriorityGrouping)
    HAL_PCDEx_LPM_Callback                   0x08000f91   Thumb Code     2  stm32f4xx_hal_pcd_ex.o(.text.HAL_PCDEx_LPM_Callback)
    HAL_PCDEx_SetRxFiFo                      0x08000f95   Thumb Code     8  stm32f4xx_hal_pcd_ex.o(.text.HAL_PCDEx_SetRxFiFo)
    HAL_PCDEx_SetTxFiFo                      0x08000f9d   Thumb Code   234  stm32f4xx_hal_pcd_ex.o(.text.HAL_PCDEx_SetTxFiFo)
    HAL_PCD_ConnectCallback                  0x08001089   Thumb Code     8  usbd_conf.o(.text.HAL_PCD_ConnectCallback)
    HAL_PCD_DataInStageCallback              0x08001091   Thumb Code    20  usbd_conf.o(.text.HAL_PCD_DataInStageCallback)
    HAL_PCD_DataOutStageCallback             0x080010a5   Thumb Code    22  usbd_conf.o(.text.HAL_PCD_DataOutStageCallback)
    HAL_PCD_DisconnectCallback               0x080010bd   Thumb Code     8  usbd_conf.o(.text.HAL_PCD_DisconnectCallback)
    HAL_PCD_EP_Close                         0x080010c5   Thumb Code    76  stm32f4xx_hal_pcd.o(.text.HAL_PCD_EP_Close)
    HAL_PCD_EP_ClrStall                      0x08001111   Thumb Code   100  stm32f4xx_hal_pcd.o(.text.HAL_PCD_EP_ClrStall)
    HAL_PCD_EP_Open                          0x08001175   Thumb Code    96  stm32f4xx_hal_pcd.o(.text.HAL_PCD_EP_Open)
    HAL_PCD_EP_Receive                       0x080011d5   Thumb Code    84  stm32f4xx_hal_pcd.o(.text.HAL_PCD_EP_Receive)
    HAL_PCD_EP_SetStall                      0x08001229   Thumb Code   120  stm32f4xx_hal_pcd.o(.text.HAL_PCD_EP_SetStall)
    HAL_PCD_EP_Transmit                      0x080012a1   Thumb Code    72  stm32f4xx_hal_pcd.o(.text.HAL_PCD_EP_Transmit)
    HAL_PCD_IRQHandler                       0x080012e9   Thumb Code  2032  stm32f4xx_hal_pcd.o(.text.HAL_PCD_IRQHandler)
    HAL_PCD_ISOINIncompleteCallback          0x08001ad9   Thumb Code     8  usbd_conf.o(.text.HAL_PCD_ISOINIncompleteCallback)
    HAL_PCD_ISOOUTIncompleteCallback         0x08001ae1   Thumb Code     8  usbd_conf.o(.text.HAL_PCD_ISOOUTIncompleteCallback)
    HAL_PCD_Init                             0x08001ae9   Thumb Code   318  stm32f4xx_hal_pcd.o(.text.HAL_PCD_Init)
    HAL_PCD_MspInit                          0x08001c29   Thumb Code   126  usbd_conf.o(.text.HAL_PCD_MspInit)
    HAL_PCD_ResetCallback                    0x08001ca9   Thumb Code    36  usbd_conf.o(.text.HAL_PCD_ResetCallback)
    HAL_PCD_ResumeCallback                   0x08001ccd   Thumb Code     8  usbd_conf.o(.text.HAL_PCD_ResumeCallback)
    HAL_PCD_SOFCallback                      0x08001cd5   Thumb Code     8  usbd_conf.o(.text.HAL_PCD_SOFCallback)
    HAL_PCD_SetAddress                       0x08001cdd   Thumb Code    40  stm32f4xx_hal_pcd.o(.text.HAL_PCD_SetAddress)
    HAL_PCD_SetupStageCallback               0x08001d05   Thumb Code    14  usbd_conf.o(.text.HAL_PCD_SetupStageCallback)
    HAL_PCD_Start                            0x08001d15   Thumb Code    62  stm32f4xx_hal_pcd.o(.text.HAL_PCD_Start)
    HAL_PCD_SuspendCallback                  0x08001d55   Thumb Code    52  usbd_conf.o(.text.HAL_PCD_SuspendCallback)
    HAL_RCC_ClockConfig                      0x08001d89   Thumb Code   352  stm32f4xx_hal_rcc.o(.text.HAL_RCC_ClockConfig)
    HAL_RCC_GetHCLKFreq                      0x08001ee9   Thumb Code    12  stm32f4xx_hal_rcc.o(.text.HAL_RCC_GetHCLKFreq)
    HAL_RCC_GetPCLK1Freq                     0x08001ef5   Thumb Code    38  stm32f4xx_hal_rcc.o(.text.HAL_RCC_GetPCLK1Freq)
    HAL_RCC_GetSysClockFreq                  0x08001f1d   Thumb Code   106  stm32f4xx_hal_rcc.o(.text.HAL_RCC_GetSysClockFreq)
    HAL_RCC_OscConfig                        0x08001f89   Thumb Code   888  stm32f4xx_hal_rcc.o(.text.HAL_RCC_OscConfig)
    HAL_SYSTICK_Config                       0x08002301   Thumb Code    44  stm32f4xx_hal_cortex.o(.text.HAL_SYSTICK_Config)
    HAL_TIMEx_BreakCallback                  0x0800232d   Thumb Code     2  stm32f4xx_hal_tim_ex.o(.text.HAL_TIMEx_BreakCallback)
    HAL_TIMEx_CommutCallback                 0x08002331   Thumb Code     2  stm32f4xx_hal_tim_ex.o(.text.HAL_TIMEx_CommutCallback)
    HAL_TIMEx_MasterConfigSynchronization    0x08002335   Thumb Code   144  stm32f4xx_hal_tim_ex.o(.text.HAL_TIMEx_MasterConfigSynchronization)
    HAL_TIM_Base_DeInit                      0x080023c5   Thumb Code    96  stm32f4xx_hal_tim.o(.text.HAL_TIM_Base_DeInit)
    HAL_TIM_Base_Init                        0x08002425   Thumb Code   316  stm32f4xx_hal_tim.o(.text.HAL_TIM_Base_Init)
    HAL_TIM_Base_MspDeInit                   0x08002561   Thumb Code    38  tim.o(.text.HAL_TIM_Base_MspDeInit)
    HAL_TIM_Base_MspInit                     0x08002589   Thumb Code    74  tim.o(.text.HAL_TIM_Base_MspInit)
    HAL_TIM_Base_Start_IT                    0x080025d5   Thumb Code   132  stm32f4xx_hal_tim.o(.text.HAL_TIM_Base_Start_IT)
    HAL_TIM_ConfigClockSource                0x08002659   Thumb Code   412  stm32f4xx_hal_tim.o(.text.HAL_TIM_ConfigClockSource)
    HAL_TIM_IC_CaptureCallback               0x080027f5   Thumb Code     2  stm32f4xx_hal_tim.o(.text.HAL_TIM_IC_CaptureCallback)
    HAL_TIM_IRQHandler                       0x080027f9   Thumb Code   368  stm32f4xx_hal_tim.o(.text.HAL_TIM_IRQHandler)
    HAL_TIM_OC_DelayElapsedCallback          0x08002969   Thumb Code     2  stm32f4xx_hal_tim.o(.text.HAL_TIM_OC_DelayElapsedCallback)
    HAL_TIM_PWM_PulseFinishedCallback        0x0800296d   Thumb Code     2  stm32f4xx_hal_tim.o(.text.HAL_TIM_PWM_PulseFinishedCallback)
    HAL_TIM_PeriodElapsedCallback            0x08002971   Thumb Code     2  stm32f4xx_hal_tim.o(.text.HAL_TIM_PeriodElapsedCallback)
    HAL_TIM_TriggerCallback                  0x08002975   Thumb Code     2  stm32f4xx_hal_tim.o(.text.HAL_TIM_TriggerCallback)
    HardFault_Handler                        0x08002979   Thumb Code     2  stm32f4xx_it.o(.text.HardFault_Handler)
    MX_GPIO_Init                             0x08002c99   Thumb Code   162  gpio.o(.text.MX_GPIO_Init)
    MX_I2C1_Init                             0x08002d3d   Thumb Code    66  i2c.o(.text.MX_I2C1_Init)
    MX_TIM5_Init                             0x08002d81   Thumb Code   120  tim.o(.text.MX_TIM5_Init)
    MX_USB_DEVICE_Init                       0x08002df9   Thumb Code    86  usb_device.o(.text.MX_USB_DEVICE_Init)
    MemManage_Handler                        0x08002e51   Thumb Code     2  stm32f4xx_it.o(.text.MemManage_Handler)
    NMI_Handler                              0x08002e55   Thumb Code     2  stm32f4xx_it.o(.text.NMI_Handler)
    OTG_FS_IRQHandler                        0x08002e59   Thumb Code    12  stm32f4xx_it.o(.text.OTG_FS_IRQHandler)
    PendSV_Handler                           0x08002e65   Thumb Code     2  stm32f4xx_it.o(.text.PendSV_Handler)
    SVC_Handler                              0x08002e69   Thumb Code     2  stm32f4xx_it.o(.text.SVC_Handler)
    SysTick_Handler                          0x08002e6d   Thumb Code     4  stm32f4xx_it.o(.text.SysTick_Handler)
    SystemClock_Config                       0x08002e71   Thumb Code   176  main.o(.text.SystemClock_Config)
    SystemInit                               0x08002f21   Thumb Code    18  system_stm32f4xx.o(.text.SystemInit)
    TIM5_IRQHandler                          0x08002f35   Thumb Code    22  stm32f4xx_it.o(.text.TIM5_IRQHandler)
    USBD_ClrClassConfig                      0x08002f4d   Thumb Code    16  usbd_core.o(.text.USBD_ClrClassConfig)
    USBD_CtlContinueRx                       0x08002f5d   Thumb Code    16  usbd_ioreq.o(.text.USBD_CtlContinueRx)
    USBD_CtlContinueSendData                 0x08002f6d   Thumb Code    16  usbd_ioreq.o(.text.USBD_CtlContinueSendData)
    USBD_CtlError                            0x08002f7d   Thumb Code    22  usbd_ctlreq.o(.text.USBD_CtlError)
    USBD_CtlReceiveStatus                    0x08002f95   Thumb Code    22  usbd_ioreq.o(.text.USBD_CtlReceiveStatus)
    USBD_CtlSendData                         0x08002fad   Thumb Code    26  usbd_ioreq.o(.text.USBD_CtlSendData)
    USBD_CtlSendStatus                       0x08002fc9   Thumb Code    22  usbd_ioreq.o(.text.USBD_CtlSendStatus)
    USBD_FS_ConfigStrDescriptor              0x08002fe1   Thumb Code    24  usbd_desc.o(.text.USBD_FS_ConfigStrDescriptor)
    USBD_FS_DeviceDescriptor                 0x08003005   Thumb Code    14  usbd_desc.o(.text.USBD_FS_DeviceDescriptor)
    USBD_FS_InterfaceStrDescriptor           0x08003015   Thumb Code    24  usbd_desc.o(.text.USBD_FS_InterfaceStrDescriptor)
    USBD_FS_LangIDStrDescriptor              0x0800303d   Thumb Code    14  usbd_desc.o(.text.USBD_FS_LangIDStrDescriptor)
    USBD_FS_ManufacturerStrDescriptor        0x0800304d   Thumb Code    24  usbd_desc.o(.text.USBD_FS_ManufacturerStrDescriptor)
    USBD_FS_ProductStrDescriptor             0x08003079   Thumb Code    24  usbd_desc.o(.text.USBD_FS_ProductStrDescriptor)
    USBD_FS_SerialStrDescriptor              0x080030a1   Thumb Code   364  usbd_desc.o(.text.USBD_FS_SerialStrDescriptor)
    USBD_GetString                           0x0800320d   Thumb Code   218  usbd_ctlreq.o(.text.USBD_GetString)
    USBD_HID_SendReport                      0x08003395   Thumb Code    48  usbd_hid.o(.text.USBD_HID_SendReport)
    USBD_Init                                0x080034d5   Thumb Code    42  usbd_core.o(.text.USBD_Init)
    USBD_LL_ClearStallEP                     0x08003501   Thumb Code    34  usbd_conf.o(.text.USBD_LL_ClearStallEP)
    USBD_LL_CloseEP                          0x08003525   Thumb Code    34  usbd_conf.o(.text.USBD_LL_CloseEP)
    USBD_LL_DataInStage                      0x08003549   Thumb Code   168  usbd_core.o(.text.USBD_LL_DataInStage)
    USBD_LL_DataOutStage                     0x080035f1   Thumb Code   110  usbd_core.o(.text.USBD_LL_DataOutStage)
    USBD_LL_DevConnected                     0x08003661   Thumb Code     4  usbd_core.o(.text.USBD_LL_DevConnected)
    USBD_LL_DevDisconnected                  0x08003665   Thumb Code    24  usbd_core.o(.text.USBD_LL_DevDisconnected)
    USBD_LL_Init                             0x0800367d   Thumb Code   112  usbd_conf.o(.text.USBD_LL_Init)
    USBD_LL_IsStallEP                        0x080036ed   Thumb Code    32  usbd_conf.o(.text.USBD_LL_IsStallEP)
    USBD_LL_IsoINIncomplete                  0x0800370d   Thumb Code    32  usbd_core.o(.text.USBD_LL_IsoINIncomplete)
    USBD_LL_IsoOUTIncomplete                 0x0800372d   Thumb Code    32  usbd_core.o(.text.USBD_LL_IsoOUTIncomplete)
    USBD_LL_OpenEP                           0x0800374d   Thumb Code    40  usbd_conf.o(.text.USBD_LL_OpenEP)
    USBD_LL_PrepareReceive                   0x08003775   Thumb Code    34  usbd_conf.o(.text.USBD_LL_PrepareReceive)
    USBD_LL_Reset                            0x08003799   Thumb Code   104  usbd_core.o(.text.USBD_LL_Reset)
    USBD_LL_Resume                           0x08003801   Thumb Code    20  usbd_core.o(.text.USBD_LL_Resume)
    USBD_LL_SOF                              0x08003815   Thumb Code    32  usbd_core.o(.text.USBD_LL_SOF)
    USBD_LL_SetSpeed                         0x08003835   Thumb Code     8  usbd_core.o(.text.USBD_LL_SetSpeed)
    USBD_LL_SetUSBAddress                    0x0800383d   Thumb Code    34  usbd_conf.o(.text.USBD_LL_SetUSBAddress)
    USBD_LL_SetupStage                       0x08003861   Thumb Code    98  usbd_core.o(.text.USBD_LL_SetupStage)
    USBD_LL_StallEP                          0x080038c5   Thumb Code    34  usbd_conf.o(.text.USBD_LL_StallEP)
    USBD_LL_Start                            0x080038e9   Thumb Code    34  usbd_conf.o(.text.USBD_LL_Start)
    USBD_LL_Suspend                          0x0800390d   Thumb Code    20  usbd_core.o(.text.USBD_LL_Suspend)
    USBD_LL_Transmit                         0x08003921   Thumb Code    34  usbd_conf.o(.text.USBD_LL_Transmit)
    USBD_ParseSetupRequest                   0x08003945   Thumb Code    22  usbd_ctlreq.o(.text.USBD_ParseSetupRequest)
    USBD_RegisterClass                       0x0800395d   Thumb Code    46  usbd_core.o(.text.USBD_RegisterClass)
    USBD_SetClassConfig                      0x0800398d   Thumb Code    16  usbd_core.o(.text.USBD_SetClassConfig)
    USBD_Start                               0x0800399d   Thumb Code     4  usbd_core.o(.text.USBD_Start)
    USBD_StdDevReq                           0x080039a1   Thumb Code   872  usbd_ctlreq.o(.text.USBD_StdDevReq)
    USBD_StdEPReq                            0x08003d09   Thumb Code   330  usbd_ctlreq.o(.text.USBD_StdEPReq)
    USBD_StdItfReq                           0x08003e55   Thumb Code   122  usbd_ctlreq.o(.text.USBD_StdItfReq)
    USBD_static_free                         0x08003ed1   Thumb Code     2  usbd_conf.o(.text.USBD_static_free)
    USBD_static_malloc                       0x08003ed5   Thumb Code    10  usbd_conf.o(.text.USBD_static_malloc)
    USB_ActivateEndpoint                     0x08003ee1   Thumb Code   138  stm32f4xx_ll_usb.o(.text.USB_ActivateEndpoint)
    USB_ActivateSetup                        0x08003f6d   Thumb Code    32  stm32f4xx_ll_usb.o(.text.USB_ActivateSetup)
    USB_CoreInit                             0x08003f8d   Thumb Code   446  stm32f4xx_ll_usb.o(.text.USB_CoreInit)
    USB_DeactivateEndpoint                   0x0800414d   Thumb Code   132  stm32f4xx_ll_usb.o(.text.USB_DeactivateEndpoint)
    USB_DevConnect                           0x080041d1   Thumb Code    30  stm32f4xx_ll_usb.o(.text.USB_DevConnect)
    USB_DevDisconnect                        0x080041f1   Thumb Code    30  stm32f4xx_ll_usb.o(.text.USB_DevDisconnect)
    USB_DevInit                              0x08004211   Thumb Code   982  stm32f4xx_ll_usb.o(.text.USB_DevInit)
    USB_DisableGlobalInt                     0x080045e9   Thumb Code    14  stm32f4xx_ll_usb.o(.text.USB_DisableGlobalInt)
    USB_EP0StartXfer                         0x080045f9   Thumb Code   252  stm32f4xx_ll_usb.o(.text.USB_EP0StartXfer)
    USB_EP0_OutStart                         0x080046f5   Thumb Code    90  stm32f4xx_ll_usb.o(.text.USB_EP0_OutStart)
    USB_EPClearStall                         0x08004751   Thumb Code    78  stm32f4xx_ll_usb.o(.text.USB_EPClearStall)
    USB_EPSetStall                           0x080047a1   Thumb Code    62  stm32f4xx_ll_usb.o(.text.USB_EPSetStall)
    USB_EPStartXfer                          0x080047e1   Thumb Code   512  stm32f4xx_ll_usb.o(.text.USB_EPStartXfer)
    USB_EnableGlobalInt                      0x080049e1   Thumb Code    14  stm32f4xx_ll_usb.o(.text.USB_EnableGlobalInt)
    USB_FlushTxFifo                          0x080049f1   Thumb Code    98  stm32f4xx_ll_usb.o(.text.USB_FlushTxFifo)
    USB_GetDevSpeed                          0x08004a55   Thumb Code    26  stm32f4xx_ll_usb.o(.text.USB_GetDevSpeed)
    USB_GetMode                              0x08004a71   Thumb Code     8  stm32f4xx_ll_usb.o(.text.USB_GetMode)
    USB_ReadDevAllInEpInterrupt              0x08004a79   Thumb Code    14  stm32f4xx_ll_usb.o(.text.USB_ReadDevAllInEpInterrupt)
    USB_ReadDevAllOutEpInterrupt             0x08004a89   Thumb Code    14  stm32f4xx_ll_usb.o(.text.USB_ReadDevAllOutEpInterrupt)
    USB_ReadDevInEPInterrupt                 0x08004a99   Thumb Code    36  stm32f4xx_ll_usb.o(.text.USB_ReadDevInEPInterrupt)
    USB_ReadDevOutEPInterrupt                0x08004abd   Thumb Code    16  stm32f4xx_ll_usb.o(.text.USB_ReadDevOutEPInterrupt)
    USB_ReadInterrupts                       0x08004acd   Thumb Code     8  stm32f4xx_ll_usb.o(.text.USB_ReadInterrupts)
    USB_ReadPacket                           0x08004ad5   Thumb Code   170  stm32f4xx_ll_usb.o(.text.USB_ReadPacket)
    USB_SetCurrentMode                       0x08004b81   Thumb Code   100  stm32f4xx_ll_usb.o(.text.USB_SetCurrentMode)
    USB_SetDevAddress                        0x08004be5   Thumb Code    34  stm32f4xx_ll_usb.o(.text.USB_SetDevAddress)
    USB_SetTurnaroundTime                    0x08004c09   Thumb Code   288  stm32f4xx_ll_usb.o(.text.USB_SetTurnaroundTime)
    USB_WritePacket                          0x08004d29   Thumb Code   114  stm32f4xx_ll_usb.o(.text.USB_WritePacket)
    UsageFault_Handler                       0x08004d9d   Thumb Code     2  stm32f4xx_it.o(.text.UsageFault_Handler)
    main                                     0x08004da1   Thumb Code  1292  main.o(.text.main)
    ssd1306_Fill                             0x08005311   Thumb Code    28  ssd1306.o(.text.ssd1306_Fill)
    ssd1306_Init                             0x0800532d   Thumb Code   854  ssd1306.o(.text.ssd1306_Init)
    ssd1306_SetCursor                        0x08005685   Thumb Code    14  ssd1306.o(.text.ssd1306_SetCursor)
    ssd1306_UpdateScreen                     0x08005695   Thumb Code   158  ssd1306.o(.text.ssd1306_UpdateScreen)
    ssd1306_WriteChar                        0x08005735   Thumb Code   722  ssd1306.o(.text.ssd1306_WriteChar)
    ssd1306_WriteString                      0x08005a09   Thumb Code    60  ssd1306.o(.text.ssd1306_WriteString)
    systemTimerInterrupt                     0x08005a45   Thumb Code    16  main.o(.text.systemTimerInterrupt)
    __hardfp_truncf                          0x08005a55   Thumb Code    92  truncf.o(i.__hardfp_truncf)
    _is_digit                                0x08005ab1   Thumb Code    14  __printf_wp.o(i._is_digit)
    __aeabi_ul2f                             0x08005abf   Thumb Code     0  ffltll_clz.o(x$fpl$ffltll)
    _ll_uto_f                                0x08005abf   Thumb Code     6  ffltll_clz.o(x$fpl$ffltll)
    __aeabi_l2f                              0x08005ac5   Thumb Code     0  ffltll_clz.o(x$fpl$ffltll)
    _ll_sto_f                                0x08005ac5   Thumb Code    90  ffltll_clz.o(x$fpl$ffltll)
    __fpl_fnaninf                            0x08005b1f   Thumb Code   140  fnaninf.o(x$fpl$fnaninf)
    _fp_init                                 0x08005bab   Thumb Code    26  fpinit.o(x$fpl$fpinit)
    __fplib_config_fpu_vfp                   0x08005bc3   Thumb Code     0  fpinit.o(x$fpl$fpinit)
    __fplib_config_pureend_doubles           0x08005bc3   Thumb Code     0  fpinit.o(x$fpl$fpinit)
    _frnd                                    0x08005bc5   Thumb Code    96  frnd.o(x$fpl$frnd)
    __I$use$fp                               0x08005c24   Number         0  usenofp.o(x$fpl$usenofp)
    AHBPrescTable                            0x08005c35   Data          16  system_stm32f4xx.o(.rodata.AHBPrescTable)
    APBPrescTable                            0x08005c45   Data           8  system_stm32f4xx.o(.rodata.APBPrescTable)
    Region$$Table$$Base                      0x080069ac   Number         0  anon$$obj.o(Region$$Table)
    Region$$Table$$Limit                     0x080069cc   Number         0  anon$$obj.o(Region$$Table)
    key_sel                                  0x20000000   Data           1  main.o(.data..L_MergedGlobals)
    ledBlinkingPeriodInitialMs               0x20000002   Data           2  main.o(.data..L_MergedGlobals)
    uwTickFreq                               0x20000004   Data           1  stm32f4xx_hal.o(.data..L_MergedGlobals)
    uwTickPrio                               0x20000008   Data           4  stm32f4xx_hal.o(.data..L_MergedGlobals)
    FS_Desc                                  0x20000058   Data          28  usbd_desc.o(.data.FS_Desc)
    Font_11x18                               0x20000074   Data           8  fonts.o(.data.Font_11x18)
    SystemCoreClock                          0x2000007c   Data           4  system_stm32f4xx.o(.data.SystemCoreClock)
    USBD_FS_DeviceDesc                       0x20000080   Data          18  usbd_desc.o(.data.USBD_FS_DeviceDesc)
    USBD_HID                                 0x20000094   Data          56  usbd_hid.o(.data.USBD_HID)
    USBD_LangIDDesc                          0x20000144   Data           4  usbd_desc.o(.data.USBD_LangIDDesc)
    USBD_StringSerial                        0x20000148   Data          26  usbd_desc.o(.data.USBD_StringSerial)
    __libspace_start                         0x20000168   Data          96  libspace.o(.bss)
    __temporary_stack_top$libspace           0x200001c8   Data           0  libspace.o(.bss)
    pomodoroInterval                         0x200001d0   Data           1  main.o(.bss..L_MergedGlobals.8)
    pomodoroIntervalChangeRequest            0x200001d1   Data           1  main.o(.bss..L_MergedGlobals.8)
    pomodoroIntervalIsChanged                0x200001d2   Data           1  main.o(.bss..L_MergedGlobals.8)
    oledIsIntervalChanged                    0x200001d3   Data           1  main.o(.bss..L_MergedGlobals.8)
    intervalCnt                              0x200001d4   Data           2  main.o(.bss..L_MergedGlobals.8)
    keyBoardHIDsub                           0x200001e0   Data           8  main.o(.bss..L_MergedGlobals.8)
    timeFromStart                            0x200001e8   Data          24  main.o(.bss..L_MergedGlobals.8)
    pomodoroTimer                            0x20000200   Data          24  main.o(.bss..L_MergedGlobals.8)
    ledBlinkingTimer                         0x20000218   Data          24  main.o(.bss..L_MergedGlobals.8)
    oledUpdate                               0x20000230   Data          24  main.o(.bss..L_MergedGlobals.8)
    USBD_StrDesc                             0x2000064c   Data         512  usbd_desc.o(.bss.USBD_StrDesc)
    hUsbDeviceFS                             0x20000860   Data         720  usb_device.o(.bss.hUsbDeviceFS)
    hi2c1                                    0x20000b30   Data          84  i2c.o(.bss.hi2c1)
    hpcd_USB_OTG_FS                          0x20000b84   Data        1032  usbd_conf.o(.bss.hpcd_USB_OTG_FS)
    htim5                                    0x20000f8c   Data          72  tim.o(.bss.htim5)
    uwTick                                   0x20000fd4   Data           4  stm32f4xx_hal.o(.bss.uwTick)



==============================================================================

Memory Map of the image

  Image Entry point : 0x08000195

  Load Region LR_IROM1 (Base: 0x08000000, Size: 0x00006b38, Max: 0x00040000, ABSOLUTE, COMPRESSED[0x00006aa8])

    Execution Region ER_IROM1 (Exec base: 0x08000000, Load base: 0x08000000, Size: 0x000069cc, Max: 0x00040000, ABSOLUTE)

    Exec Addr    Load Addr    Size         Type   Attr      Idx    E Section Name        Object

    0x08000000   0x08000000   0x00000194   Data   RO            3    RESET               startup_stm32f401xc.o
    0x08000194   0x08000194   0x00000008   Code   RO         1503  * !!!main             c_w.l(__main.o)
    0x0800019c   0x0800019c   0x00000034   Code   RO         1700    !!!scatter          c_w.l(__scatter.o)
    0x080001d0   0x080001d0   0x0000005a   Code   RO         1698    !!dczerorl2         c_w.l(__dczerorl2.o)
    0x0800022a   0x0800022a   0x00000002   PAD
    0x0800022c   0x0800022c   0x0000001c   Code   RO         1702    !!handler_zi        c_w.l(__scatter_zi.o)
    0x08000248   0x08000248   0x00000000   Code   RO         1496    .ARM.Collect$$_printf_percent$$00000000  c_w.l(_printf_percent.o)
    0x08000248   0x08000248   0x00000006   Code   RO         1495    .ARM.Collect$$_printf_percent$$00000009  c_w.l(_printf_d.o)
    0x0800024e   0x0800024e   0x00000004   Code   RO         1522    .ARM.Collect$$_printf_percent$$00000017  c_w.l(_printf_percent_end.o)
    0x08000252   0x08000252   0x00000002   Code   RO         1560    .ARM.Collect$$libinit$$00000000  c_w.l(libinit.o)
    0x08000254   0x08000254   0x00000004   Code   RO         1572    .ARM.Collect$$libinit$$00000001  c_w.l(libinit2.o)
    0x08000258   0x08000258   0x00000000   Code   RO         1575    .ARM.Collect$$libinit$$00000004  c_w.l(libinit2.o)
    0x08000258   0x08000258   0x00000000   Code   RO         1577    .ARM.Collect$$libinit$$00000006  c_w.l(libinit2.o)
    0x08000258   0x08000258   0x00000000   Code   RO         1580    .ARM.Collect$$libinit$$0000000C  c_w.l(libinit2.o)
    0x08000258   0x08000258   0x00000000   Code   RO         1582    .ARM.Collect$$libinit$$0000000E  c_w.l(libinit2.o)
    0x08000258   0x08000258   0x00000000   Code   RO         1584    .ARM.Collect$$libinit$$00000010  c_w.l(libinit2.o)
    0x08000258   0x08000258   0x00000000   Code   RO         1587    .ARM.Collect$$libinit$$00000013  c_w.l(libinit2.o)
    0x08000258   0x08000258   0x00000000   Code   RO         1589    .ARM.Collect$$libinit$$00000015  c_w.l(libinit2.o)
    0x08000258   0x08000258   0x00000000   Code   RO         1591    .ARM.Collect$$libinit$$00000017  c_w.l(libinit2.o)
    0x08000258   0x08000258   0x00000000   Code   RO         1593    .ARM.Collect$$libinit$$00000019  c_w.l(libinit2.o)
    0x08000258   0x08000258   0x00000000   Code   RO         1595    .ARM.Collect$$libinit$$0000001B  c_w.l(libinit2.o)
    0x08000258   0x08000258   0x00000000   Code   RO         1597    .ARM.Collect$$libinit$$0000001D  c_w.l(libinit2.o)
    0x08000258   0x08000258   0x00000000   Code   RO         1599    .ARM.Collect$$libinit$$0000001F  c_w.l(libinit2.o)
    0x08000258   0x08000258   0x00000000   Code   RO         1601    .ARM.Collect$$libinit$$00000021  c_w.l(libinit2.o)
    0x08000258   0x08000258   0x00000000   Code   RO         1603    .ARM.Collect$$libinit$$00000023  c_w.l(libinit2.o)
    0x08000258   0x08000258   0x00000000   Code   RO         1605    .ARM.Collect$$libinit$$00000025  c_w.l(libinit2.o)
    0x08000258   0x08000258   0x00000000   Code   RO         1607    .ARM.Collect$$libinit$$00000027  c_w.l(libinit2.o)
    0x08000258   0x08000258   0x00000000   Code   RO         1611    .ARM.Collect$$libinit$$0000002E  c_w.l(libinit2.o)
    0x08000258   0x08000258   0x00000000   Code   RO         1613    .ARM.Collect$$libinit$$00000030  c_w.l(libinit2.o)
    0x08000258   0x08000258   0x00000000   Code   RO         1615    .ARM.Collect$$libinit$$00000032  c_w.l(libinit2.o)
    0x08000258   0x08000258   0x00000000   Code   RO         1617    .ARM.Collect$$libinit$$00000034  c_w.l(libinit2.o)
    0x08000258   0x08000258   0x00000002   Code   RO         1618    .ARM.Collect$$libinit$$00000035  c_w.l(libinit2.o)
    0x0800025a   0x0800025a   0x00000002   Code   RO         1653    .ARM.Collect$$libshutdown$$00000000  c_w.l(libshutdown.o)
    0x0800025c   0x0800025c   0x00000000   Code   RO         1681    .ARM.Collect$$libshutdown$$00000002  c_w.l(libshutdown2.o)
    0x0800025c   0x0800025c   0x00000000   Code   RO         1683    .ARM.Collect$$libshutdown$$00000004  c_w.l(libshutdown2.o)
    0x0800025c   0x0800025c   0x00000000   Code   RO         1686    .ARM.Collect$$libshutdown$$00000007  c_w.l(libshutdown2.o)
    0x0800025c   0x0800025c   0x00000000   Code   RO         1689    .ARM.Collect$$libshutdown$$0000000A  c_w.l(libshutdown2.o)
    0x0800025c   0x0800025c   0x00000000   Code   RO         1691    .ARM.Collect$$libshutdown$$0000000C  c_w.l(libshutdown2.o)
    0x0800025c   0x0800025c   0x00000000   Code   RO         1694    .ARM.Collect$$libshutdown$$0000000F  c_w.l(libshutdown2.o)
    0x0800025c   0x0800025c   0x00000002   Code   RO         1695    .ARM.Collect$$libshutdown$$00000010  c_w.l(libshutdown2.o)
    0x0800025e   0x0800025e   0x00000000   Code   RO         1511    .ARM.Collect$$rtentry$$00000000  c_w.l(__rtentry.o)
    0x0800025e   0x0800025e   0x00000000   Code   RO         1527    .ARM.Collect$$rtentry$$00000002  c_w.l(__rtentry2.o)
    0x0800025e   0x0800025e   0x00000006   Code   RO         1539    .ARM.Collect$$rtentry$$00000004  c_w.l(__rtentry4.o)
    0x08000264   0x08000264   0x00000000   Code   RO         1529    .ARM.Collect$$rtentry$$00000009  c_w.l(__rtentry2.o)
    0x08000264   0x08000264   0x00000004   Code   RO         1530    .ARM.Collect$$rtentry$$0000000A  c_w.l(__rtentry2.o)
    0x08000268   0x08000268   0x00000000   Code   RO         1532    .ARM.Collect$$rtentry$$0000000C  c_w.l(__rtentry2.o)
    0x08000268   0x08000268   0x00000008   Code   RO         1533    .ARM.Collect$$rtentry$$0000000D  c_w.l(__rtentry2.o)
    0x08000270   0x08000270   0x00000002   Code   RO         1564    .ARM.Collect$$rtexit$$00000000  c_w.l(rtexit.o)
    0x08000272   0x08000272   0x00000000   Code   RO         1624    .ARM.Collect$$rtexit$$00000002  c_w.l(rtexit2.o)
    0x08000272   0x08000272   0x00000004   Code   RO         1625    .ARM.Collect$$rtexit$$00000003  c_w.l(rtexit2.o)
    0x08000276   0x08000276   0x00000006   Code   RO         1626    .ARM.Collect$$rtexit$$00000004  c_w.l(rtexit2.o)
    0x0800027c   0x0800027c   0x00000040   Code   RO            4    .text               startup_stm32f401xc.o
    0x080002bc   0x080002bc   0x000000f0   Code   RO         1461    .text               c_w.l(lludivv7m.o)
    0x080003ac   0x080003ac   0x00000074   Code   RO         1463    .text               c_w.l(llsdiv.o)
    0x08000420   0x08000420   0x00000028   Code   RO         1467    .text               c_w.l(noretval__2sprintf.o)
    0x08000448   0x08000448   0x0000004e   Code   RO         1471    .text               c_w.l(_printf_pad.o)
    0x08000496   0x08000496   0x00000002   PAD
    0x08000498   0x08000498   0x00000078   Code   RO         1473    .text               c_w.l(_printf_dec.o)
    0x08000510   0x08000510   0x00000138   Code   RO         1487    .text               c_w.l(__printf_flags_wp.o)
    0x08000648   0x08000648   0x00000010   Code   RO         1497    .text               c_w.l(aeabi_memset4.o)
    0x08000658   0x08000658   0x0000004e   Code   RO         1499    .text               c_w.l(rt_memclr_w.o)
    0x080006a6   0x080006a6   0x00000006   Code   RO         1501    .text               c_w.l(heapauxi.o)
    0x080006ac   0x080006ac   0x000000b2   Code   RO         1516    .text               c_w.l(_printf_intcommon.o)
    0x0800075e   0x0800075e   0x00000002   PAD
    0x08000760   0x08000760   0x00000030   Code   RO         1518    .text               c_w.l(_printf_char_common.o)
    0x08000790   0x08000790   0x0000000a   Code   RO         1520    .text               c_w.l(_sputc.o)
    0x0800079a   0x0800079a   0x0000004a   Code   RO         1547    .text               c_w.l(sys_stackheap_outer.o)
    0x080007e4   0x080007e4   0x00000012   Code   RO         1549    .text               c_w.l(exit.o)
    0x080007f6   0x080007f6   0x00000002   PAD
    0x080007f8   0x080007f8   0x00000008   Code   RO         1561    .text               c_w.l(libspace.o)
    0x08000800   0x08000800   0x0000000c   Code   RO         1619    .text               c_w.l(sys_exit.o)
    0x0800080c   0x0800080c   0x00000002   Code   RO         1642    .text               c_w.l(use_no_semi.o)
    0x0800080e   0x0800080e   0x00000000   Code   RO         1644    .text               c_w.l(indicate_semi.o)
    0x0800080e   0x0800080e   0x00000002   PAD
    0x08000810   0x08000810   0x00000002   Code   RO           92    .text.BusFault_Handler  stm32f4xx_it.o
    0x08000812   0x08000812   0x00000002   PAD
    0x08000814   0x08000814   0x00000002   Code   RO           98    .text.DebugMon_Handler  stm32f4xx_it.o
    0x08000816   0x08000816   0x00000002   PAD
    0x08000818   0x08000818   0x0000000a   Code   RO           29    .text.Error_Handler  main.o
    0x08000822   0x08000822   0x00000002   PAD
    0x08000824   0x08000824   0x00000028   Code   RO          785    .text.HAL_Delay     stm32f4xx_hal.o
    0x0800084c   0x0800084c   0x000001ba   Code   RO          578    .text.HAL_GPIO_Init  stm32f4xx_hal_gpio.o
    0x08000a06   0x08000a06   0x00000002   PAD
    0x08000a08   0x08000a08   0x0000000a   Code   RO          582    .text.HAL_GPIO_ReadPin  stm32f4xx_hal_gpio.o
    0x08000a12   0x08000a12   0x00000002   PAD
    0x08000a14   0x08000a14   0x00000010   Code   RO          586    .text.HAL_GPIO_TogglePin  stm32f4xx_hal_gpio.o
    0x08000a24   0x08000a24   0x0000000a   Code   RO          584    .text.HAL_GPIO_WritePin  stm32f4xx_hal_gpio.o
    0x08000a2e   0x08000a2e   0x00000002   PAD
    0x08000a30   0x08000a30   0x0000000c   Code   RO          777    .text.HAL_GetTick   stm32f4xx_hal.o
    0x08000a3c   0x08000a3c   0x00000176   Code   RO          855    .text.HAL_I2C_Init  stm32f4xx_hal_i2c.o
    0x08000bb2   0x08000bb2   0x00000002   PAD
    0x08000bb4   0x08000bb4   0x000001da   Code   RO          895    .text.HAL_I2C_Mem_Write  stm32f4xx_hal_i2c.o
    0x08000d8e   0x08000d8e   0x00000002   PAD
    0x08000d90   0x08000d90   0x0000006c   Code   RO           58    .text.HAL_I2C_MspInit  i2c.o
    0x08000dfc   0x08000dfc   0x0000001a   Code   RO          775    .text.HAL_IncTick   stm32f4xx_hal.o
    0x08000e16   0x08000e16   0x00000002   PAD
    0x08000e18   0x08000e18   0x00000036   Code   RO          765    .text.HAL_Init      stm32f4xx_hal.o
    0x08000e4e   0x08000e4e   0x00000002   PAD
    0x08000e50   0x08000e50   0x00000048   Code   RO          767    .text.HAL_InitTick  stm32f4xx_hal.o
    0x08000e98   0x08000e98   0x00000038   Code   RO          115    .text.HAL_MspInit   stm32f4xx_hal_msp.o
    0x08000ed0   0x08000ed0   0x00000028   Code   RO          725    .text.HAL_NVIC_DisableIRQ  stm32f4xx_hal_cortex.o
    0x08000ef8   0x08000ef8   0x00000020   Code   RO          723    .text.HAL_NVIC_EnableIRQ  stm32f4xx_hal_cortex.o
    0x08000f18   0x08000f18   0x00000056   Code   RO          721    .text.HAL_NVIC_SetPriority  stm32f4xx_hal_cortex.o
    0x08000f6e   0x08000f6e   0x00000002   PAD
    0x08000f70   0x08000f70   0x00000020   Code   RO          719    .text.HAL_NVIC_SetPriorityGrouping  stm32f4xx_hal_cortex.o
    0x08000f90   0x08000f90   0x00000002   Code   RO          346    .text.HAL_PCDEx_LPM_Callback  stm32f4xx_hal_pcd_ex.o
    0x08000f92   0x08000f92   0x00000002   PAD
    0x08000f94   0x08000f94   0x00000008   Code   RO          344    .text.HAL_PCDEx_SetRxFiFo  stm32f4xx_hal_pcd_ex.o
    0x08000f9c   0x08000f9c   0x000000ea   Code   RO          342    .text.HAL_PCDEx_SetTxFiFo  stm32f4xx_hal_pcd_ex.o
    0x08001086   0x08001086   0x00000002   PAD
    0x08001088   0x08001088   0x00000008   Code   RO          218    .text.HAL_PCD_ConnectCallback  usbd_conf.o
    0x08001090   0x08001090   0x00000014   Code   RO          204    .text.HAL_PCD_DataInStageCallback  usbd_conf.o
    0x080010a4   0x080010a4   0x00000016   Code   RO          202    .text.HAL_PCD_DataOutStageCallback  usbd_conf.o
    0x080010ba   0x080010ba   0x00000002   PAD
    0x080010bc   0x080010bc   0x00000008   Code   RO          220    .text.HAL_PCD_DisconnectCallback  usbd_conf.o
    0x080010c4   0x080010c4   0x0000004c   Code   RO          314    .text.HAL_PCD_EP_Close  stm32f4xx_hal_pcd.o
    0x08001110   0x08001110   0x00000064   Code   RO          324    .text.HAL_PCD_EP_ClrStall  stm32f4xx_hal_pcd.o
    0x08001174   0x08001174   0x00000060   Code   RO          312    .text.HAL_PCD_EP_Open  stm32f4xx_hal_pcd.o
    0x080011d4   0x080011d4   0x00000054   Code   RO          316    .text.HAL_PCD_EP_Receive  stm32f4xx_hal_pcd.o
    0x08001228   0x08001228   0x00000078   Code   RO          322    .text.HAL_PCD_EP_SetStall  stm32f4xx_hal_pcd.o
    0x080012a0   0x080012a0   0x00000048   Code   RO          320    .text.HAL_PCD_EP_Transmit  stm32f4xx_hal_pcd.o
    0x080012e8   0x080012e8   0x000007f0   Code   RO          280    .text.HAL_PCD_IRQHandler  stm32f4xx_hal_pcd.o
    0x08001ad8   0x08001ad8   0x00000008   Code   RO          216    .text.HAL_PCD_ISOINIncompleteCallback  usbd_conf.o
    0x08001ae0   0x08001ae0   0x00000008   Code   RO          214    .text.HAL_PCD_ISOOUTIncompleteCallback  usbd_conf.o
    0x08001ae8   0x08001ae8   0x0000013e   Code   RO          268    .text.HAL_PCD_Init  stm32f4xx_hal_pcd.o
    0x08001c26   0x08001c26   0x00000002   PAD
    0x08001c28   0x08001c28   0x0000007e   Code   RO          196    .text.HAL_PCD_MspInit  usbd_conf.o
    0x08001ca6   0x08001ca6   0x00000002   PAD
    0x08001ca8   0x08001ca8   0x00000024   Code   RO          208    .text.HAL_PCD_ResetCallback  usbd_conf.o
    0x08001ccc   0x08001ccc   0x00000008   Code   RO          212    .text.HAL_PCD_ResumeCallback  usbd_conf.o
    0x08001cd4   0x08001cd4   0x00000008   Code   RO          206    .text.HAL_PCD_SOFCallback  usbd_conf.o
    0x08001cdc   0x08001cdc   0x00000028   Code   RO          310    .text.HAL_PCD_SetAddress  stm32f4xx_hal_pcd.o
    0x08001d04   0x08001d04   0x0000000e   Code   RO          200    .text.HAL_PCD_SetupStageCallback  usbd_conf.o
    0x08001d12   0x08001d12   0x00000002   PAD
    0x08001d14   0x08001d14   0x0000003e   Code   RO          276    .text.HAL_PCD_Start  stm32f4xx_hal_pcd.o
    0x08001d52   0x08001d52   0x00000002   PAD
    0x08001d54   0x08001d54   0x00000034   Code   RO          210    .text.HAL_PCD_SuspendCallback  usbd_conf.o
    0x08001d88   0x08001d88   0x00000160   Code   RO          464    .text.HAL_RCC_ClockConfig  stm32f4xx_hal_rcc.o
    0x08001ee8   0x08001ee8   0x0000000c   Code   RO          474    .text.HAL_RCC_GetHCLKFreq  stm32f4xx_hal_rcc.o
    0x08001ef4   0x08001ef4   0x00000026   Code   RO          476    .text.HAL_RCC_GetPCLK1Freq  stm32f4xx_hal_rcc.o
    0x08001f1a   0x08001f1a   0x00000002   PAD
    0x08001f1c   0x08001f1c   0x0000006a   Code   RO          466    .text.HAL_RCC_GetSysClockFreq  stm32f4xx_hal_rcc.o
    0x08001f86   0x08001f86   0x00000002   PAD
    0x08001f88   0x08001f88   0x00000378   Code   RO          462    .text.HAL_RCC_OscConfig  stm32f4xx_hal_rcc.o
    0x08002300   0x08002300   0x0000002c   Code   RO          731    .text.HAL_SYSTICK_Config  stm32f4xx_hal_cortex.o
    0x0800232c   0x0800232c   0x00000002   Code   RO         1306    .text.HAL_TIMEx_BreakCallback  stm32f4xx_hal_tim_ex.o
    0x0800232e   0x0800232e   0x00000002   PAD
    0x08002330   0x08002330   0x00000002   Code   RO         1302    .text.HAL_TIMEx_CommutCallback  stm32f4xx_hal_tim_ex.o
    0x08002332   0x08002332   0x00000002   PAD
    0x08002334   0x08002334   0x00000090   Code   RO         1296    .text.HAL_TIMEx_MasterConfigSynchronization  stm32f4xx_hal_tim_ex.o
    0x080023c4   0x080023c4   0x00000060   Code   RO         1007    .text.HAL_TIM_Base_DeInit  stm32f4xx_hal_tim.o
    0x08002424   0x08002424   0x0000013c   Code   RO         1001    .text.HAL_TIM_Base_Init  stm32f4xx_hal_tim.o
    0x08002560   0x08002560   0x00000026   Code   RO           75    .text.HAL_TIM_Base_MspDeInit  tim.o
    0x08002586   0x08002586   0x00000002   PAD
    0x08002588   0x08002588   0x0000004a   Code   RO           73    .text.HAL_TIM_Base_MspInit  tim.o
    0x080025d2   0x080025d2   0x00000002   PAD
    0x080025d4   0x080025d4   0x00000084   Code   RO         1015    .text.HAL_TIM_Base_Start_IT  stm32f4xx_hal_tim.o
    0x08002658   0x08002658   0x0000019c   Code   RO         1181    .text.HAL_TIM_ConfigClockSource  stm32f4xx_hal_tim.o
    0x080027f4   0x080027f4   0x00000002   Code   RO         1137    .text.HAL_TIM_IC_CaptureCallback  stm32f4xx_hal_tim.o
    0x080027f6   0x080027f6   0x00000002   PAD
    0x080027f8   0x080027f8   0x00000170   Code   RO         1135    .text.HAL_TIM_IRQHandler  stm32f4xx_hal_tim.o
    0x08002968   0x08002968   0x00000002   Code   RO         1139    .text.HAL_TIM_OC_DelayElapsedCallback  stm32f4xx_hal_tim.o
    0x0800296a   0x0800296a   0x00000002   PAD
    0x0800296c   0x0800296c   0x00000002   Code   RO         1141    .text.HAL_TIM_PWM_PulseFinishedCallback  stm32f4xx_hal_tim.o
    0x0800296e   0x0800296e   0x00000002   PAD
    0x08002970   0x08002970   0x00000002   Code   RO         1143    .text.HAL_TIM_PeriodElapsedCallback  stm32f4xx_hal_tim.o
    0x08002972   0x08002972   0x00000002   PAD
    0x08002974   0x08002974   0x00000002   Code   RO         1145    .text.HAL_TIM_TriggerCallback  stm32f4xx_hal_tim.o
    0x08002976   0x08002976   0x00000002   PAD
    0x08002978   0x08002978   0x00000002   Code   RO           88    .text.HardFault_Handler  stm32f4xx_it.o
    0x0800297a   0x0800297a   0x00000002   PAD
    0x0800297c   0x0800297c   0x00000272   Code   RO          897    .text.I2C_RequestMemoryWrite  stm32f4xx_hal_i2c.o
    0x08002bee   0x08002bee   0x00000002   PAD
    0x08002bf0   0x08002bf0   0x000000a8   Code   RO          867    .text.I2C_WaitOnBTFFlagUntilTimeout  stm32f4xx_hal_i2c.o
    0x08002c98   0x08002c98   0x000000a2   Code   RO           47    .text.MX_GPIO_Init  gpio.o
    0x08002d3a   0x08002d3a   0x00000002   PAD
    0x08002d3c   0x08002d3c   0x00000042   Code   RO           56    .text.MX_I2C1_Init  i2c.o
    0x08002d7e   0x08002d7e   0x00000002   PAD
    0x08002d80   0x08002d80   0x00000078   Code   RO           71    .text.MX_TIM5_Init  tim.o
    0x08002df8   0x08002df8   0x00000056   Code   RO          160    .text.MX_USB_DEVICE_Init  usb_device.o
    0x08002e4e   0x08002e4e   0x00000002   PAD
    0x08002e50   0x08002e50   0x00000002   Code   RO           90    .text.MemManage_Handler  stm32f4xx_it.o
    0x08002e52   0x08002e52   0x00000002   PAD
    0x08002e54   0x08002e54   0x00000002   Code   RO           86    .text.NMI_Handler   stm32f4xx_it.o
    0x08002e56   0x08002e56   0x00000002   PAD
    0x08002e58   0x08002e58   0x0000000c   Code   RO          106    .text.OTG_FS_IRQHandler  stm32f4xx_it.o
    0x08002e64   0x08002e64   0x00000002   Code   RO          100    .text.PendSV_Handler  stm32f4xx_it.o
    0x08002e66   0x08002e66   0x00000002   PAD
    0x08002e68   0x08002e68   0x00000002   Code   RO           96    .text.SVC_Handler   stm32f4xx_it.o
    0x08002e6a   0x08002e6a   0x00000002   PAD
    0x08002e6c   0x08002e6c   0x00000004   Code   RO          102    .text.SysTick_Handler  stm32f4xx_it.o
    0x08002e70   0x08002e70   0x000000b0   Code   RO           25    .text.SystemClock_Config  main.o
    0x08002f20   0x08002f20   0x00000012   Code   RO         1320    .text.SystemInit    system_stm32f4xx.o
    0x08002f32   0x08002f32   0x00000002   PAD
    0x08002f34   0x08002f34   0x00000016   Code   RO          104    .text.TIM5_IRQHandler  stm32f4xx_it.o
    0x08002f4a   0x08002f4a   0x00000002   PAD
    0x08002f4c   0x08002f4c   0x00000010   Code   RO         1349    .text.USBD_ClrClassConfig  usbd_core.o
    0x08002f5c   0x08002f5c   0x00000010   Code   RO         1410    .text.USBD_CtlContinueRx  usbd_ioreq.o
    0x08002f6c   0x08002f6c   0x00000010   Code   RO         1406    .text.USBD_CtlContinueSendData  usbd_ioreq.o
    0x08002f7c   0x08002f7c   0x00000016   Code   RO         1385    .text.USBD_CtlError  usbd_ctlreq.o
    0x08002f92   0x08002f92   0x00000002   PAD
    0x08002f94   0x08002f94   0x00000016   Code   RO         1414    .text.USBD_CtlReceiveStatus  usbd_ioreq.o
    0x08002faa   0x08002faa   0x00000002   PAD
    0x08002fac   0x08002fac   0x0000001a   Code   RO         1404    .text.USBD_CtlSendData  usbd_ioreq.o
    0x08002fc6   0x08002fc6   0x00000002   PAD
    0x08002fc8   0x08002fc8   0x00000016   Code   RO         1412    .text.USBD_CtlSendStatus  usbd_ioreq.o
    0x08002fde   0x08002fde   0x00000002   PAD
    0x08002fe0   0x08002fe0   0x00000024   Code   RO          179    .text.USBD_FS_ConfigStrDescriptor  usbd_desc.o
    0x08003004   0x08003004   0x0000000e   Code   RO          169    .text.USBD_FS_DeviceDescriptor  usbd_desc.o
    0x08003012   0x08003012   0x00000002   PAD
    0x08003014   0x08003014   0x00000028   Code   RO          181    .text.USBD_FS_InterfaceStrDescriptor  usbd_desc.o
    0x0800303c   0x0800303c   0x0000000e   Code   RO          171    .text.USBD_FS_LangIDStrDescriptor  usbd_desc.o
    0x0800304a   0x0800304a   0x00000002   PAD
    0x0800304c   0x0800304c   0x0000002c   Code   RO          173    .text.USBD_FS_ManufacturerStrDescriptor  usbd_desc.o
    0x08003078   0x08003078   0x00000028   Code   RO          175    .text.USBD_FS_ProductStrDescriptor  usbd_desc.o
    0x080030a0   0x080030a0   0x0000016c   Code   RO          177    .text.USBD_FS_SerialStrDescriptor  usbd_desc.o
    0x0800320c   0x0800320c   0x000000da   Code   RO         1393    .text.USBD_GetString  usbd_ctlreq.o
    0x080032e6   0x080032e6   0x00000002   PAD
    0x080032e8   0x080032e8   0x0000000c   Code   RO         1432    .text.USBD_HID_DataIn  usbd_hid.o
    0x080032f4   0x080032f4   0x00000020   Code   RO         1428    .text.USBD_HID_DeInit  usbd_hid.o
    0x08003314   0x08003314   0x00000010   Code   RO         1440    .text.USBD_HID_GetDeviceQualifierDesc  usbd_hid.o
    0x08003324   0x08003324   0x00000010   Code   RO         1436    .text.USBD_HID_GetFSCfgDesc  usbd_hid.o
    0x08003334   0x08003334   0x00000010   Code   RO         1434    .text.USBD_HID_GetHSCfgDesc  usbd_hid.o
    0x08003344   0x08003344   0x00000010   Code   RO         1438    .text.USBD_HID_GetOtherSpeedCfgDesc  usbd_hid.o
    0x08003354   0x08003354   0x0000003e   Code   RO         1426    .text.USBD_HID_Init  usbd_hid.o
    0x08003392   0x08003392   0x00000002   PAD
    0x08003394   0x08003394   0x00000030   Code   RO         1442    .text.USBD_HID_SendReport  usbd_hid.o
    0x080033c4   0x080033c4   0x0000010e   Code   RO         1430    .text.USBD_HID_Setup  usbd_hid.o
    0x080034d2   0x080034d2   0x00000002   PAD
    0x080034d4   0x080034d4   0x0000002a   Code   RO         1335    .text.USBD_Init     usbd_core.o
    0x080034fe   0x080034fe   0x00000002   PAD
    0x08003500   0x08003500   0x00000022   Code   RO          240    .text.USBD_LL_ClearStallEP  usbd_conf.o
    0x08003522   0x08003522   0x00000002   PAD
    0x08003524   0x08003524   0x00000022   Code   RO          234    .text.USBD_LL_CloseEP  usbd_conf.o
    0x08003546   0x08003546   0x00000002   PAD
    0x08003548   0x08003548   0x000000a8   Code   RO         1355    .text.USBD_LL_DataInStage  usbd_core.o
    0x080035f0   0x080035f0   0x0000006e   Code   RO         1353    .text.USBD_LL_DataOutStage  usbd_core.o
    0x0800365e   0x0800365e   0x00000002   PAD
    0x08003660   0x08003660   0x00000004   Code   RO         1371    .text.USBD_LL_DevConnected  usbd_core.o
    0x08003664   0x08003664   0x00000018   Code   RO         1373    .text.USBD_LL_DevDisconnected  usbd_core.o
    0x0800367c   0x0800367c   0x00000070   Code   RO          222    .text.USBD_LL_Init  usbd_conf.o
    0x080036ec   0x080036ec   0x00000020   Code   RO          242    .text.USBD_LL_IsStallEP  usbd_conf.o
    0x0800370c   0x0800370c   0x00000020   Code   RO         1367    .text.USBD_LL_IsoINIncomplete  usbd_core.o
    0x0800372c   0x0800372c   0x00000020   Code   RO         1369    .text.USBD_LL_IsoOUTIncomplete  usbd_core.o
    0x0800374c   0x0800374c   0x00000028   Code   RO          232    .text.USBD_LL_OpenEP  usbd_conf.o
    0x08003774   0x08003774   0x00000022   Code   RO          248    .text.USBD_LL_PrepareReceive  usbd_conf.o
    0x08003796   0x08003796   0x00000002   PAD
    0x08003798   0x08003798   0x00000068   Code   RO         1357    .text.USBD_LL_Reset  usbd_core.o
    0x08003800   0x08003800   0x00000014   Code   RO         1363    .text.USBD_LL_Resume  usbd_core.o
    0x08003814   0x08003814   0x00000020   Code   RO         1365    .text.USBD_LL_SOF   usbd_core.o
    0x08003834   0x08003834   0x00000008   Code   RO         1359    .text.USBD_LL_SetSpeed  usbd_core.o
    0x0800383c   0x0800383c   0x00000022   Code   RO          244    .text.USBD_LL_SetUSBAddress  usbd_conf.o
    0x0800385e   0x0800385e   0x00000002   PAD
    0x08003860   0x08003860   0x00000062   Code   RO         1351    .text.USBD_LL_SetupStage  usbd_core.o
    0x080038c2   0x080038c2   0x00000002   PAD
    0x080038c4   0x080038c4   0x00000022   Code   RO          238    .text.USBD_LL_StallEP  usbd_conf.o
    0x080038e6   0x080038e6   0x00000002   PAD
    0x080038e8   0x080038e8   0x00000022   Code   RO          228    .text.USBD_LL_Start  usbd_conf.o
    0x0800390a   0x0800390a   0x00000002   PAD
    0x0800390c   0x0800390c   0x00000014   Code   RO         1361    .text.USBD_LL_Suspend  usbd_core.o
    0x08003920   0x08003920   0x00000022   Code   RO          246    .text.USBD_LL_Transmit  usbd_conf.o
    0x08003942   0x08003942   0x00000002   PAD
    0x08003944   0x08003944   0x00000016   Code   RO         1391    .text.USBD_ParseSetupRequest  usbd_ctlreq.o
    0x0800395a   0x0800395a   0x00000002   PAD
    0x0800395c   0x0800395c   0x0000002e   Code   RO         1339    .text.USBD_RegisterClass  usbd_core.o
    0x0800398a   0x0800398a   0x00000002   PAD
    0x0800398c   0x0800398c   0x00000010   Code   RO         1347    .text.USBD_SetClassConfig  usbd_core.o
    0x0800399c   0x0800399c   0x00000004   Code   RO         1341    .text.USBD_Start    usbd_core.o
    0x080039a0   0x080039a0   0x00000368   Code   RO         1383    .text.USBD_StdDevReq  usbd_ctlreq.o
    0x08003d08   0x08003d08   0x0000014a   Code   RO         1389    .text.USBD_StdEPReq  usbd_ctlreq.o
    0x08003e52   0x08003e52   0x00000002   PAD
    0x08003e54   0x08003e54   0x0000007a   Code   RO         1387    .text.USBD_StdItfReq  usbd_ctlreq.o
    0x08003ece   0x08003ece   0x00000002   PAD
    0x08003ed0   0x08003ed0   0x00000002   Code   RO          254    .text.USBD_static_free  usbd_conf.o
    0x08003ed2   0x08003ed2   0x00000002   PAD
    0x08003ed4   0x08003ed4   0x0000000a   Code   RO          252    .text.USBD_static_malloc  usbd_conf.o
    0x08003ede   0x08003ede   0x00000002   PAD
    0x08003ee0   0x08003ee0   0x0000008a   Code   RO          380    .text.USB_ActivateEndpoint  stm32f4xx_ll_usb.o
    0x08003f6a   0x08003f6a   0x00000002   PAD
    0x08003f6c   0x08003f6c   0x00000020   Code   RO          420    .text.USB_ActivateSetup  stm32f4xx_ll_usb.o
    0x08003f8c   0x08003f8c   0x000001be   Code   RO          358    .text.USB_CoreInit  stm32f4xx_ll_usb.o
    0x0800414a   0x0800414a   0x00000002   PAD
    0x0800414c   0x0800414c   0x00000084   Code   RO          384    .text.USB_DeactivateEndpoint  stm32f4xx_ll_usb.o
    0x080041d0   0x080041d0   0x0000001e   Code   RO          404    .text.USB_DevConnect  stm32f4xx_ll_usb.o
    0x080041ee   0x080041ee   0x00000002   PAD
    0x080041f0   0x080041f0   0x0000001e   Code   RO          406    .text.USB_DevDisconnect  stm32f4xx_ll_usb.o
    0x0800420e   0x0800420e   0x00000002   PAD
    0x08004210   0x08004210   0x000003d6   Code   RO          370    .text.USB_DevInit   stm32f4xx_ll_usb.o
    0x080045e6   0x080045e6   0x00000002   PAD
    0x080045e8   0x080045e8   0x0000000e   Code   RO          364    .text.USB_DisableGlobalInt  stm32f4xx_ll_usb.o
    0x080045f6   0x080045f6   0x00000002   PAD
    0x080045f8   0x080045f8   0x000000fc   Code   RO          392    .text.USB_EP0StartXfer  stm32f4xx_ll_usb.o
    0x080046f4   0x080046f4   0x0000005a   Code   RO          422    .text.USB_EP0_OutStart  stm32f4xx_ll_usb.o
    0x0800474e   0x0800474e   0x00000002   PAD
    0x08004750   0x08004750   0x0000004e   Code   RO          398    .text.USB_EPClearStall  stm32f4xx_ll_usb.o
    0x0800479e   0x0800479e   0x00000002   PAD
    0x080047a0   0x080047a0   0x0000003e   Code   RO          396    .text.USB_EPSetStall  stm32f4xx_ll_usb.o
    0x080047de   0x080047de   0x00000002   PAD
    0x080047e0   0x080047e0   0x00000200   Code   RO          388    .text.USB_EPStartXfer  stm32f4xx_ll_usb.o
    0x080049e0   0x080049e0   0x0000000e   Code   RO          362    .text.USB_EnableGlobalInt  stm32f4xx_ll_usb.o
    0x080049ee   0x080049ee   0x00000002   PAD
    0x080049f0   0x080049f0   0x00000062   Code   RO          374    .text.USB_FlushTxFifo  stm32f4xx_ll_usb.o
    0x08004a52   0x08004a52   0x00000002   PAD
    0x08004a54   0x08004a54   0x0000001a   Code   RO          378    .text.USB_GetDevSpeed  stm32f4xx_ll_usb.o
    0x08004a6e   0x08004a6e   0x00000002   PAD
    0x08004a70   0x08004a70   0x00000008   Code   RO          368    .text.USB_GetMode   stm32f4xx_ll_usb.o
    0x08004a78   0x08004a78   0x0000000e   Code   RO          412    .text.USB_ReadDevAllInEpInterrupt  stm32f4xx_ll_usb.o
    0x08004a86   0x08004a86   0x00000002   PAD
    0x08004a88   0x08004a88   0x0000000e   Code   RO          410    .text.USB_ReadDevAllOutEpInterrupt  stm32f4xx_ll_usb.o
    0x08004a96   0x08004a96   0x00000002   PAD
    0x08004a98   0x08004a98   0x00000024   Code   RO          416    .text.USB_ReadDevInEPInterrupt  stm32f4xx_ll_usb.o
    0x08004abc   0x08004abc   0x00000010   Code   RO          414    .text.USB_ReadDevOutEPInterrupt  stm32f4xx_ll_usb.o
    0x08004acc   0x08004acc   0x00000008   Code   RO          408    .text.USB_ReadInterrupts  stm32f4xx_ll_usb.o
    0x08004ad4   0x08004ad4   0x000000aa   Code   RO          394    .text.USB_ReadPacket  stm32f4xx_ll_usb.o
    0x08004b7e   0x08004b7e   0x00000002   PAD
    0x08004b80   0x08004b80   0x00000064   Code   RO          366    .text.USB_SetCurrentMode  stm32f4xx_ll_usb.o
    0x08004be4   0x08004be4   0x00000022   Code   RO          402    .text.USB_SetDevAddress  stm32f4xx_ll_usb.o
    0x08004c06   0x08004c06   0x00000002   PAD
    0x08004c08   0x08004c08   0x00000120   Code   RO          360    .text.USB_SetTurnaroundTime  stm32f4xx_ll_usb.o
    0x08004d28   0x08004d28   0x00000072   Code   RO          390    .text.USB_WritePacket  stm32f4xx_ll_usb.o
    0x08004d9a   0x08004d9a   0x00000002   PAD
    0x08004d9c   0x08004d9c   0x00000002   Code   RO           94    .text.UsageFault_Handler  stm32f4xx_it.o
    0x08004d9e   0x08004d9e   0x00000002   PAD
    0x08004da0   0x08004da0   0x00000570   Code   RO           23    .text.main          main.o
    0x08005310   0x08005310   0x0000001c   Code   RO          136    .text.ssd1306_Fill  ssd1306.o
    0x0800532c   0x0800532c   0x00000356   Code   RO          134    .text.ssd1306_Init  ssd1306.o
    0x08005682   0x08005682   0x00000002   PAD
    0x08005684   0x08005684   0x0000000e   Code   RO          148    .text.ssd1306_SetCursor  ssd1306.o
    0x08005692   0x08005692   0x00000002   PAD
    0x08005694   0x08005694   0x0000009e   Code   RO          138    .text.ssd1306_UpdateScreen  ssd1306.o
    0x08005732   0x08005732   0x00000002   PAD
    0x08005734   0x08005734   0x000002d2   Code   RO          142    .text.ssd1306_WriteChar  ssd1306.o
    0x08005a06   0x08005a06   0x00000002   PAD
    0x08005a08   0x08005a08   0x0000003c   Code   RO          144    .text.ssd1306_WriteString  ssd1306.o
    0x08005a44   0x08005a44   0x00000010   Code   RO           13    .text.systemTimerInterrupt  main.o
    0x08005a54   0x08005a54   0x0000005c   Code   RO         1507    i.__hardfp_truncf   m_wm.l(truncf.o)
    0x08005ab0   0x08005ab0   0x0000000e   Code   RO         1485    i._is_digit         c_w.l(__printf_wp.o)
    0x08005abe   0x08005abe   0x00000060   Code   RO         1505    x$fpl$ffltll        fz_wm.l(ffltll_clz.o)
    0x08005b1e   0x08005b1e   0x0000008c   Code   RO         1545    x$fpl$fnaninf       fz_wm.l(fnaninf.o)
    0x08005baa   0x08005baa   0x0000001a   Code   RO         1636    x$fpl$fpinit        fz_wm.l(fpinit.o)
    0x08005bc4   0x08005bc4   0x00000060   Code   RO         1523    x$fpl$frnd          fz_wm.l(frnd.o)
    0x08005c24   0x08005c24   0x00000000   Code   RO         1525    x$fpl$usenofp       fz_wm.l(usenofp.o)
    0x08005c24   0x08005c24   0x00000011   Data   RO         1488    .constdata          c_w.l(__printf_flags_wp.o)
    0x08005c35   0x08005c35   0x00000010   Data   RO         1325    .rodata.AHBPrescTable  system_stm32f4xx.o
    0x08005c45   0x08005c45   0x00000008   Data   RO         1326    .rodata.APBPrescTable  system_stm32f4xx.o
    0x08005c4d   0x08005c4d   0x00000001   PAD
    0x08005c4e   0x08005c4e   0x00000d5c   Data   RO          127    .rodata.Font11x18   fonts.o
    0x080069aa   0x080069aa   0x00000002   PAD
    0x080069ac   0x080069ac   0x00000020   Data   RO         1697    Region$$Table       anon$$obj.o


    Execution Region RW_IRAM1 (Exec base: 0x20000000, Load base: 0x080069d0, Size: 0x000015d8, Max: 0x00010000, ABSOLUTE, COMPRESSED[0x000000d8])

    Exec Addr    Load Addr    Size         Type   Attr      Idx    E Section Name        Object

    0x20000000   COMPRESSED   0x00000004   Data   RW           37    .data..L_MergedGlobals  main.o
    0x20000004   COMPRESSED   0x00000008   Data   RW          820    .data..L_MergedGlobals  stm32f4xx_hal.o
    0x2000000c   COMPRESSED   0x0000004b   Data   RW         1451    .data..L_MergedGlobals  usbd_hid.o
    0x20000057   COMPRESSED   0x00000001   PAD
    0x20000058   COMPRESSED   0x0000001c   Data   RW          183    .data.FS_Desc       usbd_desc.o
    0x20000074   COMPRESSED   0x00000008   Data   RW          125    .data.Font_11x18    fonts.o
    0x2000007c   COMPRESSED   0x00000004   Data   RW         1324    .data.SystemCoreClock  system_stm32f4xx.o
    0x20000080   COMPRESSED   0x00000012   Data   RW          184    .data.USBD_FS_DeviceDesc  usbd_desc.o
    0x20000092   COMPRESSED   0x00000002   PAD
    0x20000094   COMPRESSED   0x00000038   Data   RW         1446    .data.USBD_HID      usbd_hid.o
    0x200000cc   COMPRESSED   0x00000022   Data   RW         1447    .data.USBD_HID_CfgFSDesc  usbd_hid.o
    0x200000ee   COMPRESSED   0x00000002   PAD
    0x200000f0   COMPRESSED   0x00000022   Data   RW         1448    .data.USBD_HID_CfgHSDesc  usbd_hid.o
    0x20000112   COMPRESSED   0x00000002   PAD
    0x20000114   COMPRESSED   0x0000000a   Data   RW         1450    .data.USBD_HID_DeviceQualifierDesc  usbd_hid.o
    0x2000011e   COMPRESSED   0x00000002   PAD
    0x20000120   COMPRESSED   0x00000022   Data   RW         1449    .data.USBD_HID_OtherSpeedCfgDesc  usbd_hid.o
    0x20000142   COMPRESSED   0x00000002   PAD
    0x20000144   COMPRESSED   0x00000004   Data   RW          185    .data.USBD_LangIDDesc  usbd_desc.o
    0x20000148   COMPRESSED   0x0000001a   Data   RW          186    .data.USBD_StringSerial  usbd_desc.o
    0x20000162   COMPRESSED   0x00000006   PAD
    0x20000168        -       0x00000060   Zero   RW         1562    .bss                c_w.l(libspace.o)
    0x200001c8        -       0x00000006   Zero   RW          151    .bss..L_MergedGlobals  ssd1306.o
    0x200001ce   COMPRESSED   0x00000002   PAD
    0x200001d0        -       0x00000078   Zero   RW           38    .bss..L_MergedGlobals.8  main.o
    0x20000248        -       0x00000400   Zero   RW          150    .bss.SSD1306_Buffer  ssd1306.o
    0x20000648        -       0x00000001   Zero   RW         1395    .bss.USBD_SetConfig.cfgidx  usbd_ctlreq.o
    0x20000649   COMPRESSED   0x00000003   PAD
    0x2000064c        -       0x00000200   Zero   RW          187    .bss.USBD_StrDesc   usbd_desc.o
    0x2000084c        -       0x00000014   Zero   RW          259    .bss.USBD_static_malloc.mem  usbd_conf.o
    0x20000860        -       0x000002d0   Zero   RW          162    .bss.hUsbDeviceFS   usb_device.o
    0x20000b30        -       0x00000054   Zero   RW           62    .bss.hi2c1          i2c.o
    0x20000b84        -       0x00000408   Zero   RW          258    .bss.hpcd_USB_OTG_FS  usbd_conf.o
    0x20000f8c        -       0x00000048   Zero   RW           77    .bss.htim5          tim.o
    0x20000fd4        -       0x00000004   Zero   RW          819    .bss.uwTick         stm32f4xx_hal.o
    0x20000fd8        -       0x00000200   Zero   RW            2    HEAP                startup_stm32f401xc.o
    0x200011d8        -       0x00000400   Zero   RW            1    STACK               startup_stm32f401xc.o


==============================================================================

Image component sizes


      Code (inc. data)   RO Data    RW Data    ZI Data      Debug   Object Name

         0          0       3420          8          0        855   fonts.o
       162          0          0          0          0       2217   gpio.o
       174          0          0          0         84       5320   i2c.o
      1594        104          0          4        120      13473   main.o
      1836          0          0          0       1030       9940   ssd1306.o
        64         26        404          0       1536        848   startup_stm32f401xc.o
       204          0          0          8          4       6854   stm32f4xx_hal.o
       234          0          0          0          0       9981   stm32f4xx_hal_cortex.o
       478          0          0          0          0       5335   stm32f4xx_hal_gpio.o
      1642          0          0          0          0      53636   stm32f4xx_hal_i2c.o
        56          0          0          0          0       1513   stm32f4xx_hal_msp.o
      3000          0          0          0          0      15265   stm32f4xx_hal_pcd.o
       244          0          0          0          0       4530   stm32f4xx_hal_pcd_ex.o
      1396          0          0          0          0       7403   stm32f4xx_hal_rcc.o
      1334          0          0          0          0      55985   stm32f4xx_hal_tim.o
       148          0          0          0          0      21062   stm32f4xx_hal_tim_ex.o
        54          0          0          0          0       6563   stm32f4xx_it.o
      3738          0          0          0          0      33833   stm32f4xx_ll_usb.o
        18          0         24          4          0       2688   system_stm32f4xx.o
       232          0          0          0         72       6756   tim.o
        86          0          0          0        720       3063   usb_device.o
       752          0          0          0       1052      17520   usbd_conf.o
       776          0          0          0          0       8408   usbd_core.o
      1586         34          0          0          1       9919   usbd_ctlreq.o
       552         64          0         76        512       4103   usbd_desc.o
       488         24          0        243          0       7104   usbd_hid.o
       102          0          0          0          0       4585   usbd_ioreq.o

    ----------------------------------------------------------------------
     21124        252       3883        356       5140     318759   Object Totals
         0          0         32          0          0          0   (incl. Generated)
       174          0          3         13          9          0   (incl. Padding)

    ----------------------------------------------------------------------

      Code (inc. data)   RO Data    RW Data    ZI Data      Debug   Library Member Name

        90          0          0          0          0          0   __dczerorl2.o
         8          0          0          0          0         68   __main.o
       312          4         17          0          0         92   __printf_flags_wp.o
        14          0          0          0          0         68   __printf_wp.o
         0          0          0          0          0          0   __rtentry.o
        12          0          0          0          0          0   __rtentry2.o
         6          0          0          0          0          0   __rtentry4.o
        52          8          0          0          0          0   __scatter.o
        28          0          0          0          0          0   __scatter_zi.o
        48          6          0          0          0         96   _printf_char_common.o
         6          0          0          0          0          0   _printf_d.o
       120         16          0          0          0         92   _printf_dec.o
       178          0          0          0          0         88   _printf_intcommon.o
        78          0          0          0          0        108   _printf_pad.o
         0          0          0          0          0          0   _printf_percent.o
         4          0          0          0          0          0   _printf_percent_end.o
        10          0          0          0          0         68   _sputc.o
        16          0          0          0          0         68   aeabi_memset4.o
        18          0          0          0          0         80   exit.o
         6          0          0          0          0        152   heapauxi.o
         0          0          0          0          0          0   indicate_semi.o
         2          0          0          0          0          0   libinit.o
         6          0          0          0          0          0   libinit2.o
         2          0          0          0          0          0   libshutdown.o
         2          0          0          0          0          0   libshutdown2.o
         8          4          0          0         96         68   libspace.o
       116          0          0          0          0         84   llsdiv.o
       240          0          0          0          0        100   lludivv7m.o
        40          6          0          0          0         84   noretval__2sprintf.o
        78          0          0          0          0         80   rt_memclr_w.o
         2          0          0          0          0          0   rtexit.o
        10          0          0          0          0          0   rtexit2.o
        12          4          0          0          0         68   sys_exit.o
        74          0          0          0          0         80   sys_stackheap_outer.o
         2          0          0          0          0         68   use_no_semi.o
        96          0          0          0          0        132   ffltll_clz.o
       140          4          0          0          0        132   fnaninf.o
        26          0          0          0          0        116   fpinit.o
        96          4          0          0          0        124   frnd.o
         0          0          0          0          0          0   usenofp.o
        92          0          0          0          0        136   truncf.o

    ----------------------------------------------------------------------
      2060         56         17          0         96       2252   Library Totals
        10          0          0          0          0          0   (incl. Padding)

    ----------------------------------------------------------------------

      Code (inc. data)   RO Data    RW Data    ZI Data      Debug   Library Name

      1600         48         17          0         96       1612   c_w.l
       358          8          0          0          0        504   fz_wm.l
        92          0          0          0          0        136   m_wm.l

    ----------------------------------------------------------------------
      2060         56         17          0         96       2252   Library Totals

    ----------------------------------------------------------------------

==============================================================================


      Code (inc. data)   RO Data    RW Data    ZI Data      Debug   

     23184        308       3900        356       5236     319451   Grand Totals
     23184        308       3900        216       5236     319451   ELF Image Totals (compressed)
     23184        308       3900        216          0          0   ROM Totals

==============================================================================

    Total RO  Size (Code + RO Data)                27084 (  26.45kB)
    Total RW  Size (RW Data + ZI Data)              5592 (   5.46kB)
    Total ROM Size (Code + RO Data + RW Data)      27300 (  26.66kB)

==============================================================================

